C:\Users\MD\Documents\MCUXpressoIDE_25.6.136\workspace\lpcxpresso55s69_dev_cdc_vcom_freertos_cm33_core0\drivers/fsl_gpio.h:153:20:GPIO_PinWrite	24	static
C:\Users\MD\Documents\MCUXpressoIDE_25.6.136\workspace\lpcxpresso55s69_dev_cdc_vcom_freertos_cm33_core0\drivers/fsl_gpio.h:172:24:GPIO_PinRead	24	static
C:\Users\MD\Documents\MCUXpressoIDE_25.6.136\workspace\lpcxpresso55s69_dev_cdc_vcom_freertos_cm33_core0\drivers/fsl_gpio.h:186:20:GPIO_PortSet	24	static
C:\Users\MD\Documents\MCUXpressoIDE_25.6.136\workspace\lpcxpresso55s69_dev_cdc_vcom_freertos_cm33_core0\drivers/fsl_gpio.h:198:20:GPIO_PortClear	24	static
../source/cli_commands.c:40:19:prvRGBCommand	32	static
../source/cli_commands.c:86:13:prvBitBangUartTx	40	static
../source/cli_commands.c:125:19:prvUARTCommand	184	static
../source/cli_commands.c:335:6:Register_CLI_Commands	8	static
