C:\Users\MD\Documents\MCUXpressoIDE_25.6.136\workspace\lpcxpresso55s69_dev_cdc_vcom_freertos_cm33_core0\CMSIS/core_cm33.h:2358:22:__NVIC_EnableIRQ	16	static
C:\Users\MD\Documents\MCUXpressoIDE_25.6.136\workspace\lpcxpresso55s69_dev_cdc_vcom_freertos_cm33_core0\CMSIS/core_cm33.h:2449:22:__NVIC_ClearPendingIRQ	16	static
C:\Users\MD\Documents\MCUXpressoIDE_25.6.136\workspace\lpcxpresso55s69_dev_cdc_vcom_freertos_cm33_core0\CMSIS/core_cm33.h:2555:22:__NVIC_SetPriority	16	static
C:\Users\MD\Documents\MCUXpressoIDE_25.6.136\workspace\lpcxpresso55s69_dev_cdc_vcom_freertos_cm33_core0\drivers/fsl_clock.h:983:20:CLOCK_EnableClock	24	static
C:\Users\MD\Documents\MCUXpressoIDE_25.6.136\workspace\lpcxpresso55s69_dev_cdc_vcom_freertos_cm33_core0\drivers/fsl_clock.h:993:20:CLOCK_DisableClock	24	static
C:\Users\MD\Documents\MCUXpressoIDE_25.6.136\workspace\lpcxpresso55s69_dev_cdc_vcom_freertos_cm33_core0\drivers/fsl_common_arm.h:678:24:EnableIRQ	24	static
C:\Users\MD\Documents\MCUXpressoIDE_25.6.136\workspace\lpcxpresso55s69_dev_cdc_vcom_freertos_cm33_core0\drivers/fsl_power.h:385:20:POWER_DisablePD	16	static
C:\Users\MD\Documents\MCUXpressoIDE_25.6.136\workspace\lpcxpresso55s69_dev_cdc_vcom_freertos_cm33_core0\drivers/fsl_power.h:398:20:POWER_SetBodVbatLevel	16	static
../source/hardware_init.c:29:6:BOARD_InitHardware	8	static
../source/hardware_init.c:84:6:USB1_IRQHandler	8	static
../source/hardware_init.c:89:6:USB_DeviceClockInit	16	static
../source/hardware_init.c:123:6:USB_DeviceIsrEnable	16	static
../source/hardware_init.c:139:6:USB_DeviceTaskFn	16	static
