C:\Users\MD\Documents\MCUXpressoIDE_25.6.136\workspace\lpcxpresso55s69_dev_cdc_vcom_freertos_cm33_core0\CMSIS/core_cm33.h:2358:22:__NVIC_EnableIRQ	16	static
C:\Users\MD\Documents\MCUXpressoIDE_25.6.136\workspace\lpcxpresso55s69_dev_cdc_vcom_freertos_cm33_core0\CMSIS/core_cm33.h:2555:22:__NVIC_SetPriority	16	static
C:\Users\MD\Documents\MCUXpressoIDE_25.6.136\workspace\lpcxpresso55s69_dev_cdc_vcom_freertos_cm33_core0\drivers/fsl_common_arm.h:678:24:EnableIRQ	24	static
C:\Users\MD\Documents\MCUXpressoIDE_25.6.136\workspace\lpcxpresso55s69_dev_cdc_vcom_freertos_cm33_core0\drivers/fsl_common_arm.h:908:24:DisableGlobalIRQ	16	static
C:\Users\MD\Documents\MCUXpressoIDE_25.6.136\workspace\lpcxpresso55s69_dev_cdc_vcom_freertos_cm33_core0\drivers/fsl_common_arm.h:934:20:EnableGlobalIRQ	24	static
C:\Users\MD\Documents\MCUXpressoIDE_25.6.136\workspace\lpcxpresso55s69_dev_cdc_vcom_freertos_cm33_core0\drivers/fsl_usart.h:493:24:USART_GetStatusFlags	16	static
C:\Users\MD\Documents\MCUXpressoIDE_25.6.136\workspace\lpcxpresso55s69_dev_cdc_vcom_freertos_cm33_core0\drivers/fsl_usart.h:511:20:USART_ClearStatusFlags	16	static
C:\Users\MD\Documents\MCUXpressoIDE_25.6.136\workspace\lpcxpresso55s69_dev_cdc_vcom_freertos_cm33_core0\drivers/fsl_usart.h:539:20:USART_EnableInterrupts	16	static
C:\Users\MD\Documents\MCUXpressoIDE_25.6.136\workspace\lpcxpresso55s69_dev_cdc_vcom_freertos_cm33_core0\drivers/fsl_usart.h:729:23:USART_ReadByte	16	static
../source/virtual_com.c:184:14:USB_DeviceCdcVcomCallback	48	static
../source/virtual_com.c:405:14:USB_DeviceCallback	40	static
../source/virtual_com.c:535:13:CDC_VCOM_FreeRTOSEnterCritical	16	static
../source/virtual_com.c:540:13:CDC_VCOM_FreeRTOSExitCritical	16	static
../source/virtual_com.c:549:6:USB_DeviceApplicationInit	8	static
../source/virtual_com.c:586:6:USB_DeviceTask	16	static
../source/virtual_com.c:605:6:USB_Tx_Task	24	static
../source/virtual_com.c:631:13:SendToAll	16	static
../source/virtual_com.c:650:6:CLI_Task	32	static
../source/virtual_com.c:706:6:BOARD_InitUART1	32	static
../source/virtual_com.c:732:5:main	16	static
../source/virtual_com.c:794:6:FLEXCOMM1_IRQHandler	24	static
