C:\Users\MD\Documents\MCUXpressoIDE_25.6.136\workspace\lpcxpresso55s69_dev_cdc_vcom_freertos_cm33_core0\CMSIS/core_cm33.h:2358:22:__NVIC_EnableIRQ	16	static
C:\Users\MD\Documents\MCUXpressoIDE_25.6.136\workspace\lpcxpresso55s69_dev_cdc_vcom_freertos_cm33_core0\CMSIS/core_cm33.h:2555:22:__NVIC_SetPriority	16	static
C:\Users\MD\Documents\MCUXpressoIDE_25.6.136\workspace\lpcxpresso55s69_dev_cdc_vcom_freertos_cm33_core0\drivers/fsl_common_arm.h:678:24:EnableIRQ	24	static
C:\Users\MD\Documents\MCUXpressoIDE_25.6.136\workspace\lpcxpresso55s69_dev_cdc_vcom_freertos_cm33_core0\drivers/fsl_common_arm.h:908:24:DisableGlobalIRQ	16	static
C:\Users\MD\Documents\MCUXpressoIDE_25.6.136\workspace\lpcxpresso55s69_dev_cdc_vcom_freertos_cm33_core0\drivers/fsl_common_arm.h:934:20:EnableGlobalIRQ	24	static
C:\Users\MD\Documents\MCUXpressoIDE_25.6.136\workspace\lpcxpresso55s69_dev_cdc_vcom_freertos_cm33_core0\drivers/fsl_usart.h:493:24:USART_GetStatusFlags	16	static
C:\Users\MD\Documents\MCUXpressoIDE_25.6.136\workspace\lpcxpresso55s69_dev_cdc_vcom_freertos_cm33_core0\drivers/fsl_usart.h:511:20:USART_ClearStatusFlags	16	static
C:\Users\MD\Documents\MCUXpressoIDE_25.6.136\workspace\lpcxpresso55s69_dev_cdc_vcom_freertos_cm33_core0\drivers/fsl_usart.h:539:20:USART_EnableInterrupts	16	static
C:\Users\MD\Documents\MCUXpressoIDE_25.6.136\workspace\lpcxpresso55s69_dev_cdc_vcom_freertos_cm33_core0\drivers/fsl_usart.h:729:23:USART_ReadByte	16	static
../source/virtual_com.c:183:14:USB_DeviceCdcVcomCallback	48	static
../source/virtual_com.c:404:14:USB_DeviceCallback	40	static
../source/virtual_com.c:534:13:CDC_VCOM_FreeRTOSEnterCritical	16	static
../source/virtual_com.c:539:13:CDC_VCOM_FreeRTOSExitCritical	16	static
../source/virtual_com.c:548:6:USB_DeviceApplicationInit	8	static
../source/virtual_com.c:585:6:USB_DeviceTask	16	static
../source/virtual_com.c:604:6:USB_Tx_Task	24	static
../source/virtual_com.c:630:13:SendToAll	16	static
../source/virtual_com.c:649:6:CLI_Task	32	static
../source/virtual_com.c:703:6:BOARD_InitUART0	32	static
../source/virtual_com.c:727:5:main	16	static
../source/virtual_com.c:789:6:FLEXCOMM0_IRQHandler	24	static
