C:\Users\MD\Documents\MCUXpressoIDE_25.6.136\workspace\lpcxpresso55s69_dev_cdc_vcom_freertos_cm33_core0\drivers/fsl_power.h:385:20:POWER_DisablePD	16	static
../board/clock_config.c:43:6:BOARD_InitBootClocks	8	static
../board/clock_config.c:70:6:BOARD_BootClockFRO12M	8	static
../board/clock_config.c:118:6:BOARD_BootClockFROHF96M	8	static
../board/clock_config.c:174:6:BOARD_BootClockPLL100M	40	static
../board/clock_config.c:253:6:BOARD_BootClockPLL150M	40	static
../board/clock_config.c:328:6:BOARD_BootClockPLL1_150M	40	static
