Archive member included to satisfy reference by file (symbol)

C:/nxp/MCUXpressoIDE_25.6.136/ide/plugins/com.nxp.mcuxpresso.tools.win32_25.6.0.202501151204/tools/bin/../lib/gcc/arm-none-eabi/14.2.1/../../../../arm-none-eabi/lib/thumb/v8-m.main+fp/hard\libcr_nohost_nf.a(_cr__main.o)
                              ./startup/startup_lpc55s69_cm33_core0.o (__main)
C:/nxp/MCUXpressoIDE_25.6.136/ide/plugins/com.nxp.mcuxpresso.tools.win32_25.6.0.202501151204/tools/bin/../lib/gcc/arm-none-eabi/14.2.1/../../../../arm-none-eabi/lib/thumb/v8-m.main+fp/hard\libcr_c.a(memset.o)
                              ./freertos/freertos-kernel/portable/MemMang/heap_4.o (memset)
C:/nxp/MCUXpressoIDE_25.6.136/ide/plugins/com.nxp.mcuxpresso.tools.win32_25.6.0.202501151204/tools/bin/../lib/gcc/arm-none-eabi/14.2.1/../../../../arm-none-eabi/lib/thumb/v8-m.main+fp/hard\libcr_c.a(alloc.o)
                              ./drivers/fsl_common.o (malloc)
C:/nxp/MCUXpressoIDE_25.6.136/ide/plugins/com.nxp.mcuxpresso.tools.win32_25.6.0.202501151204/tools/bin/../lib/gcc/arm-none-eabi/14.2.1/../../../../arm-none-eabi/lib/thumb/v8-m.main+fp/hard\libcr_c.a(errno.o)
                              ./utilities/str/fsl_str.o (errno)
C:/nxp/MCUXpressoIDE_25.6.136/ide/plugins/com.nxp.mcuxpresso.tools.win32_25.6.0.202501151204/tools/bin/../lib/gcc/arm-none-eabi/14.2.1/../../../../arm-none-eabi/lib/thumb/v8-m.main+fp/hard\libcr_c.a(initio.o)
                              C:/nxp/MCUXpressoIDE_25.6.136/ide/plugins/com.nxp.mcuxpresso.tools.win32_25.6.0.202501151204/tools/bin/../lib/gcc/arm-none-eabi/14.2.1/../../../../arm-none-eabi/lib/thumb/v8-m.main+fp/hard\libcr_nohost_nf.a(_cr__main.o) (_initio)
C:/nxp/MCUXpressoIDE_25.6.136/ide/plugins/com.nxp.mcuxpresso.tools.win32_25.6.0.202501151204/tools/bin/../lib/gcc/arm-none-eabi/14.2.1/../../../../arm-none-eabi/lib/thumb/v8-m.main+fp/hard\libcr_c.a(printf.o)
                              ./source/cli_commands.o (_snprintf)
C:/nxp/MCUXpressoIDE_25.6.136/ide/plugins/com.nxp.mcuxpresso.tools.win32_25.6.0.202501151204/tools/bin/../lib/gcc/arm-none-eabi/14.2.1/../../../../arm-none-eabi/lib/thumb/v8-m.main+fp/hard\libcr_c.a(scanf.o)
                              ./utilities/str/fsl_str.o (strtoul)
C:/nxp/MCUXpressoIDE_25.6.136/ide/plugins/com.nxp.mcuxpresso.tools.win32_25.6.0.202501151204/tools/bin/../lib/gcc/arm-none-eabi/14.2.1/../../../../arm-none-eabi/lib/thumb/v8-m.main+fp/hard\libcr_c.a(setvbuf.o)
                              C:/nxp/MCUXpressoIDE_25.6.136/ide/plugins/com.nxp.mcuxpresso.tools.win32_25.6.0.202501151204/tools/bin/../lib/gcc/arm-none-eabi/14.2.1/../../../../arm-none-eabi/lib/thumb/v8-m.main+fp/hard\libcr_c.a(initio.o) (setvbuf)
C:/nxp/MCUXpressoIDE_25.6.136/ide/plugins/com.nxp.mcuxpresso.tools.win32_25.6.0.202501151204/tools/bin/../lib/gcc/arm-none-eabi/14.2.1/../../../../arm-none-eabi/lib/thumb/v8-m.main+fp/hard\libcr_c.a(strlen.o)
                              ./utilities/str/fsl_str.o (strlen)
C:/nxp/MCUXpressoIDE_25.6.136/ide/plugins/com.nxp.mcuxpresso.tools.win32_25.6.0.202501151204/tools/bin/../lib/gcc/arm-none-eabi/14.2.1/../../../../arm-none-eabi/lib/thumb/v8-m.main+fp/hard\libcr_c.a(strncmp.o)
                              ./source/FreeRTOS_CLI.o (strncmp)
C:/nxp/MCUXpressoIDE_25.6.136/ide/plugins/com.nxp.mcuxpresso.tools.win32_25.6.0.202501151204/tools/bin/../lib/gcc/arm-none-eabi/14.2.1/../../../../arm-none-eabi/lib/thumb/v8-m.main+fp/hard\libcr_c.a(strncpy.o)
                              ./source/FreeRTOS_CLI.o (strncpy)
C:/nxp/MCUXpressoIDE_25.6.136/ide/plugins/com.nxp.mcuxpresso.tools.win32_25.6.0.202501151204/tools/bin/../lib/gcc/arm-none-eabi/14.2.1/../../../../arm-none-eabi/lib/thumb/v8-m.main+fp/hard\libcr_c.a(ungetc.o)
                              C:/nxp/MCUXpressoIDE_25.6.136/ide/plugins/com.nxp.mcuxpresso.tools.win32_25.6.0.202501151204/tools/bin/../lib/gcc/arm-none-eabi/14.2.1/../../../../arm-none-eabi/lib/thumb/v8-m.main+fp/hard\libcr_c.a(scanf.o) (ungetc)
C:/nxp/MCUXpressoIDE_25.6.136/ide/plugins/com.nxp.mcuxpresso.tools.win32_25.6.0.202501151204/tools/bin/../lib/gcc/arm-none-eabi/14.2.1/../../../../arm-none-eabi/lib/thumb/v8-m.main+fp/hard\libcr_c.a(__fillbuf.o)
                              C:/nxp/MCUXpressoIDE_25.6.136/ide/plugins/com.nxp.mcuxpresso.tools.win32_25.6.0.202501151204/tools/bin/../lib/gcc/arm-none-eabi/14.2.1/../../../../arm-none-eabi/lib/thumb/v8-m.main+fp/hard\libcr_c.a(scanf.o) (__filbuf)
C:/nxp/MCUXpressoIDE_25.6.136/ide/plugins/com.nxp.mcuxpresso.tools.win32_25.6.0.202501151204/tools/bin/../lib/gcc/arm-none-eabi/14.2.1/../../../../arm-none-eabi/lib/thumb/v8-m.main+fp/hard\libcr_c.a(__init_alloc.o)
                              C:/nxp/MCUXpressoIDE_25.6.136/ide/plugins/com.nxp.mcuxpresso.tools.win32_25.6.0.202501151204/tools/bin/../lib/gcc/arm-none-eabi/14.2.1/../../../../arm-none-eabi/lib/thumb/v8-m.main+fp/hard\libcr_c.a(alloc.o) (__heaps)
[...]
Memory Configuration

Name             Origin             Length             Attributes
PROGRAM_FLASH    0x00000000         0x0009d800         xr
SRAM             0x20000000         0x00040000         xrw
SRAMX            0x04000000         0x00008000         xrw
USB_RAM          0x40100000         0x00004000         xrw
SRAM4            0x20040000         0x00004000         xrw
*default*        0x00000000         0xffffffff

Linker script and memory map

LOAD ./utilities/str/fsl_str.o
LOAD ./utilities/debug_console_lite/fsl_debug_console.o
LOAD ./utilities/fsl_assert.o
LOAD ./utilities/fsl_memcpy.o
LOAD ./usb/phy/usb_phy.o
LOAD ./usb/device/class/usb_device_cdc_acm.o
LOAD ./usb/device/class/usb_device_class.o
LOAD ./usb/device/usb_device_ch9.o
LOAD ./usb/device/usb_device_dci.o
LOAD ./usb/device/usb_device_lpcip3511.o
LOAD ./startup/boot_multicore_slave.o
LOAD ./startup/startup_lpc55s69_cm33_core0.o
LOAD ./source/FreeRTOS_CLI.o
LOAD ./source/cli_commands.o
LOAD ./source/hardware_init.o
LOAD ./source/pin_mux.o
LOAD ./source/semihost_hardfault.o
LOAD ./source/usb_device_descriptor.o
LOAD ./source/virtual_com.o
LOAD ./freertos/freertos-kernel/portable/MemMang/heap_4.o
LOAD ./freertos/freertos-kernel/portable/GCC/ARM_CM33_NTZ/non_secure/mpu_wrappers_v2_asm.o
LOAD ./freertos/freertos-kernel/portable/GCC/ARM_CM33_NTZ/non_secure/port.o
LOAD ./freertos/freertos-kernel/portable/GCC/ARM_CM33_NTZ/non_secure/portasm.o
LOAD ./freertos/freertos-kernel/croutine.o
LOAD ./freertos/freertos-kernel/event_groups.o
LOAD ./freertos/freertos-kernel/list.o
LOAD ./freertos/freertos-kernel/queue.o
LOAD ./freertos/freertos-kernel/stream_buffer.o
LOAD ./freertos/freertos-kernel/tasks.o
LOAD ./freertos/freertos-kernel/timers.o
LOAD ./drivers/fsl_clock.o
LOAD ./drivers/fsl_common.o
LOAD ./drivers/fsl_common_arm.o
LOAD ./drivers/fsl_flexcomm.o
LOAD ./drivers/fsl_gpio.o
LOAD ./drivers/fsl_i2c.o
LOAD ./drivers/fsl_power.o
LOAD ./drivers/fsl_reset.o
LOAD ./drivers/fsl_spi.o
LOAD ./drivers/fsl_usart.o
LOAD ./device/system_LPC55S69_cm33_core0.o
LOAD ./component/uart/fsl_adapter_usart.o
LOAD ./component/osa/fsl_os_abstraction_free_rtos.o
LOAD ./component/lists/fsl_component_generic_list.o
LOAD ./board/board.o
LOAD ./board/clock_config.o
START GROUP
LOAD C:/nxp/MCUXpressoIDE_25.6.136/ide/plugins/com.nxp.mcuxpresso.tools.win32_25.6.0.202501151204/tools/bin/../lib/gcc/arm-none-eabi/14.2.1/../../../../arm-none-eabi/lib/thumb/v8-m.main+fp/hard\libcr_nohost_nf.a
LOAD C:/nxp/MCUXpressoIDE_25.6.136/ide/plugins/com.nxp.mcuxpresso.tools.win32_25.6.0.202501151204/tools/bin/../lib/gcc/arm-none-eabi/14.2.1/../../../../arm-none-eabi/lib/thumb/v8-m.main+fp/hard\libcr_c.a
LOAD C:/nxp/MCUXpressoIDE_25.6.136/ide/plugins/com.nxp.mcuxpresso.tools.win32_25.6.0.202501151204/tools/bin/../lib/gcc/arm-none-eabi/14.2.1/thumb/v8-m.main+fp/hard\libcr_eabihelpers.a
LOAD C:/nxp/MCUXpressoIDE_25.6.136/ide/plugins/com.nxp.mcuxpresso.tools.win32_25.6.0.202501151204/tools/bin/../lib/gcc/arm-none-eabi/14.2.1/thumb/v8-m.main+fp/hard\libgcc.a
END GROUP
                0x00000000                        __base_PROGRAM_FLASH = 0x0
                0x00000000                        __base_Flash = 0x0
                0x0009d800                        __top_PROGRAM_FLASH = 0x9d800
                0x0009d800                        __top_Flash = 0x9d800
                0x20000000                        __base_SRAM = 0x20000000
                0x20000000                        __base_RAM = 0x20000000
                0x20040000                        __top_SRAM = 0x20040000
                0x20040000                        __top_RAM = 0x20040000
                0x04000000                        __base_SRAMX = 0x4000000
                0x04000000                        __base_RAM2 = 0x4000000
                0x04008000                        __top_SRAMX = 0x4008000
                0x04008000                        __top_RAM2 = 0x4008000
                0x40100000                        __base_USB_RAM = 0x40100000
                0x40100000                        __base_RAM3 = 0x40100000
                0x40104000                        __top_USB_RAM = 0x40104000
                0x40104000                        __top_RAM3 = 0x40104000
                0x20040000                        __base_SRAM4 = 0x20040000
                0x20040000                        __base_RAM4 = 0x20040000
                0x20044000                        __top_SRAM4 = 0x20044000
                0x20044000                        __top_RAM4 = 0x20044000

.text           0x00000000     0xf330
 FILL mask 0xff
                0x00000000                        __vectors_start__ = ABSOLUTE (.)
 *(SORT_BY_ALIGNMENT(.isr_vector))
 .isr_vector    0x00000000      0x130 ./startup/startup_lpc55s69_cm33_core0.o
                0x00000000                g_pfnVectors
                0x00000000                __Vectors
                0x00000130                        . = ALIGN (0x4)
                0x00000130                        __section_table_start = .
                0x00000130                        __data_section_table = .
                0x00000130        0x4 LONG 0xf330 LOADADDR (.data)
                0x00000134        0x4 LONG 0x20000000 ADDR (.data)
                0x00000138        0x4 LONG 0x154 SIZEOF (.data)
                0x0000013c        0x4 LONG 0xf330 LOADADDR (.data_RAM2)
                0x00000140        0x4 LONG 0x4000000 ADDR (.data_RAM2)
                0x00000144        0x4 LONG 0x0 SIZEOF (.data_RAM2)
                0x00000148        0x4 LONG 0xf330 LOADADDR (.data_RAM3)
                0x0000014c        0x4 LONG 0x40103544 ADDR (.data_RAM3)
                0x00000150        0x4 LONG 0x0 SIZEOF (.data_RAM3)
                0x00000154        0x4 LONG 0xf330 LOADADDR (.data_RAM4)
                0x00000158        0x4 LONG 0x20040000 ADDR (.data_RAM4)
                0x0000015c        0x4 LONG 0x0 SIZEOF (.data_RAM4)
                0x00000160                        __data_section_table_end = .
                0x00000160                        __bss_section_table = .
                0x00000160        0x4 LONG 0x20000154 ADDR (.bss)
                0x00000164        0x4 LONG 0x4ae8 SIZEOF (.bss)
                0x00000168        0x4 LONG 0x4000000 ADDR (.bss_RAM2)
                0x0000016c        0x4 LONG 0x0 SIZEOF (.bss_RAM2)
                0x00000170        0x4 LONG 0x40103544 ADDR (.bss_RAM3)
                0x00000174        0x4 LONG 0x0 SIZEOF (.bss_RAM3)
                0x00000178        0x4 LONG 0x20040000 ADDR (.bss_RAM4)
                0x0000017c        0x4 LONG 0x0 SIZEOF (.bss_RAM4)
                0x00000180                        __bss_section_table_end = .
                0x00000180                        __section_table_end = .
 *(SORT_BY_ALIGNMENT(.after_vectors*))
 .after_vectors.reset
                0x00000180       0x68 ./startup/startup_lpc55s69_cm33_core0.o
                0x00000180                ResetISR
 .after_vectors.init_data
                0x000001e8       0x1e ./startup/startup_lpc55s69_cm33_core0.o
                0x000001e8                data_init
 .after_vectors.init_bss
                0x00000206       0x12 ./startup/startup_lpc55s69_cm33_core0.o
                0x00000206                bss_init
 .after_vectors
                0x00000218       0x16 ./startup/startup_lpc55s69_cm33_core0.o
                0x00000218                NMI_Handler
                0x0000021c                MemManage_Handler
                0x0000021e                BusFault_Handler
                0x00000220                UsageFault_Handler
                0x00000222                SecureFault_Handler
                0x00000226                DebugMon_Handler
                0x0000022c                PIN_INT3_DriverIRQHandler
                0x0000022c                PIN_INT2_DriverIRQHandler
                0x0000022c                Reserved56_DriverIRQHandler
                0x0000022c                PIN_INT0_DriverIRQHandler
                0x0000022c                CTIMER2_DriverIRQHandler
                0x0000022c                SEC_VIO_DriverIRQHandler
                0x0000022c                IntDefaultHandler
                0x0000022c                USB0_DriverIRQHandler
                0x0000022c                CASER_DriverIRQHandler
                0x0000022c                MRT0_DriverIRQHandler
                0x0000022c                UTICK0_DriverIRQHandler
                0x0000022c                Reserved41_DriverIRQHandler
                0x0000022c                PIN_INT4_DriverIRQHandler
                0x0000022c                PIN_INT5_DriverIRQHandler
                0x0000022c                SEC_GPIO_INT0_IRQ0_DriverIRQHandler
                0x0000022c                CTIMER4_DriverIRQHandler
                0x0000022c                GINT1_DriverIRQHandler
                0x0000022c                PIN_INT7_DriverIRQHandler
                0x0000022c                Reserved55_DriverIRQHandler
                0x0000022c                HASHCRYPT_DriverIRQHandler
                0x0000022c                USB0_NEEDCLK_DriverIRQHandler
                0x0000022c                CTIMER0_DriverIRQHandler
                0x0000022c                CTIMER1_DriverIRQHandler
                0x0000022c                Reserved42_DriverIRQHandler
                0x0000022c                PIN_INT6_DriverIRQHandler
                0x0000022c                PQ_DriverIRQHandler
                0x0000022c                MAILBOX_DriverIRQHandler
                0x0000022c                PIN_INT1_DriverIRQHandler
                0x0000022c                CTIMER3_DriverIRQHandler
                0x0000022c                Reserved61_DriverIRQHandler
                0x0000022c                SEC_GPIO_INT0_IRQ1_DriverIRQHandler
                0x0000022c                PUF_DriverIRQHandler
                0x0000022c                RTC_DriverIRQHandler
                0x0000022c                DMA0_DriverIRQHandler
                0x0000022c                USB1_DriverIRQHandler
                0x0000022c                Reserved60_DriverIRQHandler
                0x0000022c                DMA1_DriverIRQHandler
                0x0000022c                ADC0_DriverIRQHandler
                0x0000022c                USB1_NEEDCLK_DriverIRQHandler
                0x0000022c                Reserved59_DriverIRQHandler
                0x0000022c                SDIO_DriverIRQHandler
                0x0000022c                GINT0_DriverIRQHandler
                0x0000022c                USB1_PHY_DriverIRQHandler
                0x0000022c                ACMP_DriverIRQHandler
                0x0000022c                Reserved57_DriverIRQHandler
                0x0000022c                Reserved39_DriverIRQHandler
                0x0000022c                Reserved46_DriverIRQHandler
                0x0000022c                WDT_BOD_DriverIRQHandler
                0x0000022c                SCT0_DriverIRQHandler
                0x0000022c                PLU_DriverIRQHandler
                0x0000022c                OS_EVENT_DriverIRQHandler
                0x0000022c                SEC_HYPERVISOR_CALL_DriverIRQHandler
 *(SORT_BY_ALIGNMENT(.text*))
 *fill*         0x0000022e        0x2 ff
 .text.DbgConsole_Init
                0x00000230       0x88 ./utilities/debug_console_lite/fsl_debug_console.o
                0x00000230                DbgConsole_Init
 .text.DbgConsole_Vprintf
                0x000002b8       0x3c ./utilities/debug_console_lite/fsl_debug_console.o
                0x000002b8                DbgConsole_Vprintf
 .text.DbgConsole_Putchar
                0x000002f4       0x30 ./utilities/debug_console_lite/fsl_debug_console.o
                0x000002f4                DbgConsole_Putchar
 .text.DbgConsole_PrintfFormattedData
                0x00000324      0x3e0 ./utilities/debug_console_lite/fsl_debug_console.o
 .text.__assertion_failed
                0x00000704       0x3c ./utilities/fsl_assert.o
                0x00000704                __assertion_failed
 .text          0x00000740       0xa0 ./utilities/fsl_memcpy.o
                0x00000740                memcpy
 .text.USB_EhciPhyGetBase
                0x000007e0       0x8c ./usb/phy/usb_phy.o
                0x000007e0                USB_EhciPhyGetBase
 .text.USB_DeviceCdcAcmAllocateHandle
                0x0000086c       0x58 ./usb/device/class/usb_device_cdc_acm.o
 .text.USB_DeviceCdcAcmEndpointsInit
                0x000008c4      0x3b4 ./usb/device/class/usb_device_cdc_acm.o
 .text.USB_DeviceCdcAcmEvent
                0x00000c78      0x718 ./usb/device/class/usb_device_cdc_acm.o
                0x00000c78                USB_DeviceCdcAcmEvent
 .text.USB_DeviceClassAllocateHandle
                0x00001390       0xe0 ./usb/device/class/usb_device_class.o
 .text.USB_DeviceClassFreeHandle
                0x00001470       0xa0 ./usb/device/class/usb_device_class.o
 .text.USB_DeviceClassGetHandleByControllerId
                0x00001510       0x88 ./usb/device/class/usb_device_class.o
 .text.USB_DeviceClassGetHandleByDeviceHandle
                0x00001598       0x74 ./usb/device/class/usb_device_class.o
 .text.USB_DeviceClassGetDeviceHandle
                0x0000160c       0x88 ./usb/device/class/usb_device_class.o
                0x0000160c                USB_DeviceClassGetDeviceHandle
 .text.USB_DeviceClassEvent
                0x00001694       0xe4 ./usb/device/class/usb_device_class.o
                0x00001694                USB_DeviceClassEvent
 .text.USB_DeviceClassInit
                0x00001778      0x118 ./usb/device/class/usb_device_class.o
                0x00001778                USB_DeviceClassInit
 .text.USB_DeviceControlCallback
                0x00001890      0x3e8 ./usb/device/usb_device_ch9.o
 .text.USB_DeviceControlPipeInit
                0x00001c78       0x7c ./usb/device/usb_device_ch9.o
                0x00001c78                USB_DeviceControlPipeInit
 .text.USB_DeviceAllocateHandle
                0x00001cf4       0xe4 ./usb/device/usb_device_dci.o
 .text.USB_DeviceGetControllerInterface
                0x00001dd8       0x48 ./usb/device/usb_device_dci.o
 .text.USB_DeviceGetStatus
                0x00001e20       0xcc ./usb/device/usb_device_dci.o
                0x00001e20                USB_DeviceGetStatus
 .text.USB_DeviceSetStatus
                0x00001eec      0x118 ./usb/device/usb_device_dci.o
                0x00001eec                USB_DeviceSetStatus
 .text.USB_DeviceLpcIp3511MallocMaxPacketBuffer
                0x00002004      0x108 ./usb/device/usb_device_lpcip3511.o
 .text.USB_DeviceLpcIp3511ReleaseMaxPacketBuffer
                0x0000210c       0xa4 ./usb/device/usb_device_lpcip3511.o
 .text.USB_DeviceLpc3511IpSetDefaultState
                0x000021b0       0xe4 ./usb/device/usb_device_lpcip3511.o
 .text.USB_DeviceLpc3511IpInit
                0x00002294      0x124 ./usb/device/usb_device_lpcip3511.o
                0x00002294                USB_DeviceLpc3511IpInit
 .text.USB_DeviceLpc3511IpDeinit
                0x000023b8       0x8c ./usb/device/usb_device_lpcip3511.o
                0x000023b8                USB_DeviceLpc3511IpDeinit
 .text.USB_DeviceLpc3511IpGetActualBufferAndPrime
                0x00002444      0x15c ./usb/device/usb_device_lpcip3511.o
 .text.USB_DeviceLpc3511IpControlPreSetDeviceAddress
                0x000025a0       0x5c ./usb/device/usb_device_lpcip3511.o
 .text.USB_DeviceLpc3511IpControl
                0x000025fc      0x304 ./usb/device/usb_device_lpcip3511.o
                0x000025fc                USB_DeviceLpc3511IpControl
 .text.FreeRTOS_CLIProcessCommand
                0x00002900      0x10c ./source/FreeRTOS_CLI.o
                0x00002900                FreeRTOS_CLIProcessCommand
 .text.FreeRTOS_CLIGetOutputBuffer
                0x00002a0c       0x14 ./source/FreeRTOS_CLI.o
                0x00002a0c                FreeRTOS_CLIGetOutputBuffer
 .text.prvRegisterCommand
                0x00002a20       0x50 ./source/FreeRTOS_CLI.o
 .text.prvHelpCommand
                0x00002a70       0x5c ./source/FreeRTOS_CLI.o
 .text.prvRGBCommand
                0x00002acc      0x178 ./source/cli_commands.o
 .text.prvBitBangUartTx
                0x00002c44       0xf8 ./source/cli_commands.o
 .text.prvUARTCommand
                0x00002d3c      0x3a8 ./source/cli_commands.o
 .text.Register_CLI_Commands
                0x000030e4       0x1c ./source/cli_commands.o
                0x000030e4                Register_CLI_Commands
 .text.__NVIC_EnableIRQ
                0x00003100       0x3c ./source/hardware_init.o
 .text.__NVIC_ClearPendingIRQ
                0x0000313c       0x3c ./source/hardware_init.o
 .text.__NVIC_SetPriority
                0x00003178       0x54 ./source/hardware_init.o
 .text.POWER_DisablePD
                0x000031cc       0x20 ./source/hardware_init.o
 .text.POWER_SetBodVbatLevel
                0x000031ec       0x58 ./source/hardware_init.o
 .text.BOARD_InitHardware
                0x00003244       0xbc ./source/hardware_init.o
                0x00003244                BOARD_InitHardware
 .text.USB1_IRQHandler
                0x00003300       0x18 ./source/hardware_init.o
                0x00003300                USB1_IRQHandler
 .text.USB_DeviceClockInit
                0x00003318       0x68 ./source/hardware_init.o
                0x00003318                USB_DeviceClockInit
 .text.BOARD_InitPins
                0x00003380      0x10c ./source/pin_mux.o
                0x00003380                BOARD_InitPins
 .text.USB_DeviceGetDeviceDescriptor
                0x0000348c       0x28 ./source/usb_device_descriptor.o
                0x0000348c                USB_DeviceGetDeviceDescriptor
 .text.USB_DeviceGetConfigurationDescriptor
                0x000034b4       0x34 ./source/usb_device_descriptor.o
                0x000034b4                USB_DeviceGetConfigurationDescriptor
 .text.USB_DeviceGetStringDescriptor
                0x000034e8       0xc0 ./source/usb_device_descriptor.o
                0x000034e8                USB_DeviceGetStringDescriptor
 .text.USB_DeviceSetSpeed
                0x000035a8      0x240 ./source/usb_device_descriptor.o
                0x000035a8                USB_DeviceSetSpeed
 .text.__NVIC_EnableIRQ
                0x000037e8       0x3c ./source/virtual_com.o
 .text.__NVIC_SetPriority
                0x00003824       0x54 ./source/virtual_com.o
 .text.USART_ClearStatusFlags
                0x00003878       0x44 ./source/virtual_com.o
 .text.USART_EnableInterrupts
                0x000038bc       0x48 ./source/virtual_com.o
 .text.USB_DeviceCdcVcomCallback
                0x00003904      0x364 ./source/virtual_com.o
                0x00003904                USB_DeviceCdcVcomCallback
 .text.USB_DeviceCallback
                0x00003c68      0x20c ./source/virtual_com.o
                0x00003c68                USB_DeviceCallback
 .text.USB_DeviceApplicationInit
                0x00003e74       0x78 ./source/virtual_com.o
                0x00003e74                USB_DeviceApplicationInit
 .text.USB_Tx_Task
                0x00003eec       0x84 ./source/virtual_com.o
                0x00003eec                USB_Tx_Task
 .text.SendToAll
                0x00003f70       0x3c ./source/virtual_com.o
 .text.CLI_Task
                0x00003fac       0xfc ./source/virtual_com.o
                0x00003fac                CLI_Task
 .text.BOARD_InitUART1
                0x000040a8       0x58 ./source/virtual_com.o
                0x000040a8                BOARD_InitUART1
 .text.main     0x00004100      0x128 ./source/virtual_com.o
                0x00004100                main
 .text.FLEXCOMM1_IRQHandler
                0x00004228       0xa0 ./source/virtual_com.o
                0x00004228                FLEXCOMM1_IRQHandler
 .text.pvPortMalloc
                0x000042c8      0x1f8 ./freertos/freertos-kernel/portable/MemMang/heap_4.o
                0x000042c8                pvPortMalloc
 .text.vPortFree
                0x000044c0       0xb8 ./freertos/freertos-kernel/portable/MemMang/heap_4.o
                0x000044c0                vPortFree
 .text.prvHeapInit
                0x00004578       0xb4 ./freertos/freertos-kernel/portable/MemMang/heap_4.o
 .text.prvInsertBlockIntoFreeList
                0x0000462c       0xe0 ./freertos/freertos-kernel/portable/MemMang/heap_4.o
 .text.vPortSetupTimerInterrupt
                0x0000470c       0x48 ./freertos/freertos-kernel/portable/GCC/ARM_CM33_NTZ/non_secure/port.o
                0x0000470c                vPortSetupTimerInterrupt
 .text.prvTaskExitError
                0x00004754       0x34 ./freertos/freertos-kernel/portable/GCC/ARM_CM33_NTZ/non_secure/port.o
 .text.prvSetupFPU
                0x00004788       0x30 ./freertos/freertos-kernel/portable/GCC/ARM_CM33_NTZ/non_secure/port.o
 .text.vPortYield
                0x000047b8       0x24 ./freertos/freertos-kernel/portable/GCC/ARM_CM33_NTZ/non_secure/port.o
                0x000047b8                vPortYield
 .text.vPortEnterCritical
                0x000047dc       0x24 ./freertos/freertos-kernel/portable/GCC/ARM_CM33_NTZ/non_secure/port.o
                0x000047dc                vPortEnterCritical
 .text.vPortExitCritical
                0x00004800       0x34 ./freertos/freertos-kernel/portable/GCC/ARM_CM33_NTZ/non_secure/port.o
                0x00004800                vPortExitCritical
 .text.SysTick_Handler
                0x00004834       0x30 ./freertos/freertos-kernel/portable/GCC/ARM_CM33_NTZ/non_secure/port.o
                0x00004834                SysTick_Handler
 .text.pxPortInitialiseStack
                0x00004864      0x114 ./freertos/freertos-kernel/portable/GCC/ARM_CM33_NTZ/non_secure/port.o
                0x00004864                pxPortInitialiseStack
 .text.xPortStartScheduler
                0x00004978      0x120 ./freertos/freertos-kernel/portable/GCC/ARM_CM33_NTZ/non_secure/port.o
                0x00004978                xPortStartScheduler
 .text.vPortValidateInterruptPriority
                0x00004a98       0x5c ./freertos/freertos-kernel/portable/GCC/ARM_CM33_NTZ/non_secure/port.o
                0x00004a98                vPortValidateInterruptPriority
 .text.vRestoreContextOfFirstTask
                0x00004af4       0x2c ./freertos/freertos-kernel/portable/GCC/ARM_CM33_NTZ/non_secure/portasm.o
                0x00004af4                vRestoreContextOfFirstTask
 .text.vStartFirstTask
                0x00004b20       0x20 ./freertos/freertos-kernel/portable/GCC/ARM_CM33_NTZ/non_secure/portasm.o
                0x00004b20                vStartFirstTask
 .text.PendSV_Handler
                0x00004b40       0x60 ./freertos/freertos-kernel/portable/GCC/ARM_CM33_NTZ/non_secure/portasm.o
                0x00004b40                PendSV_Handler
 .text.SVC_Handler
                0x00004ba0       0x18 ./freertos/freertos-kernel/portable/GCC/ARM_CM33_NTZ/non_secure/portasm.o
                0x00004ba0                SVC_Handler
 .text.vQueueAddToRegistry
                0x00004bb8       0x88 ./freertos/freertos-kernel/queue.o
                0x00004bb8                vQueueAddToRegistry
 .text.vQueueUnregisterQueue
                0x00004c40       0x5c ./freertos/freertos-kernel/queue.o
                0x00004c40                vQueueUnregisterQueue
 .text.prvAddNewTaskToReadyList
                0x00004c9c      0x120 ./freertos/freertos-kernel/tasks.o
 .text.vTaskDelay
                0x00004dbc       0x48 ./freertos/freertos-kernel/tasks.o
                0x00004dbc                vTaskDelay
 .text.uxTaskPriorityGet
                0x00004e04       0x34 ./freertos/freertos-kernel/tasks.o
                0x00004e04                uxTaskPriorityGet
 .text.vTaskPrioritySet
                0x00004e38      0x194 ./freertos/freertos-kernel/tasks.o
                0x00004e38                vTaskPrioritySet
 .text.prvCreateIdleTasks
                0x00004fcc       0x94 ./freertos/freertos-kernel/tasks.o
 .text.vTaskStartScheduler
                0x00005060       0x68 ./freertos/freertos-kernel/tasks.o
                0x00005060                vTaskStartScheduler
 .text.vTaskSuspendAll
                0x000050c8       0x1c ./freertos/freertos-kernel/tasks.o
                0x000050c8                vTaskSuspendAll
 .text.xTaskResumeAll
                0x000050e4      0x1f0 ./freertos/freertos-kernel/tasks.o
                0x000050e4                xTaskResumeAll
 .text.xTaskGetTickCount
                0x000052d4       0x20 ./freertos/freertos-kernel/tasks.o
                0x000052d4                xTaskGetTickCount
 .text.uxTaskGetNumberOfTasks
                0x000052f4       0x18 ./freertos/freertos-kernel/tasks.o
                0x000052f4                uxTaskGetNumberOfTasks
 .text.xTaskIncrementTick
                0x0000530c      0x220 ./freertos/freertos-kernel/tasks.o
                0x0000530c                xTaskIncrementTick
 .text.vTaskSwitchContext
                0x0000552c       0xa4 ./freertos/freertos-kernel/tasks.o
                0x0000552c                vTaskSwitchContext
 .text.vTaskPlaceOnEventList
                0x000055d0       0x38 ./freertos/freertos-kernel/tasks.o
                0x000055d0                vTaskPlaceOnEventList
 .text.vTaskPlaceOnEventListRestricted
                0x00005608       0x7c ./freertos/freertos-kernel/tasks.o
                0x00005608                vTaskPlaceOnEventListRestricted
 .text.xTaskRemoveFromEventList
                0x00005684      0x19c ./freertos/freertos-kernel/tasks.o
                0x00005684                xTaskRemoveFromEventList
 .text.vTaskSetTimeOutState
                0x00005820       0x3c ./freertos/freertos-kernel/tasks.o
                0x00005820                vTaskSetTimeOutState
 .text.vTaskInternalSetTimeOutState
                0x0000585c       0x2c ./freertos/freertos-kernel/tasks.o
                0x0000585c                vTaskInternalSetTimeOutState
 .text.xTaskCheckForTimeOut
                0x00005888       0xcc ./freertos/freertos-kernel/tasks.o
                0x00005888                xTaskCheckForTimeOut
 .text.vTaskMissedYield
                0x00005954       0x18 ./freertos/freertos-kernel/tasks.o
                0x00005954                vTaskMissedYield
 .text.prvIdleTask
                0x0000596c       0x20 ./freertos/freertos-kernel/tasks.o
 .text.prvInitialiseTaskLists
                0x0000598c       0x80 ./freertos/freertos-kernel/tasks.o
 .text.prvCheckTasksWaitingTermination
                0x00005a0c       0x5c ./freertos/freertos-kernel/tasks.o
 .text.prvResetNextTaskUnblockTime
                0x00005a68       0x38 ./freertos/freertos-kernel/tasks.o
 .text.xTaskGetCurrentTaskHandle
                0x00005aa0       0x20 ./freertos/freertos-kernel/tasks.o
                0x00005aa0                xTaskGetCurrentTaskHandle
 .text.xTaskGetSchedulerState
                0x00005ac0       0x3c ./freertos/freertos-kernel/tasks.o
                0x00005ac0                xTaskGetSchedulerState
 .text.xTaskPriorityInherit
                0x00005afc      0x140 ./freertos/freertos-kernel/tasks.o
                0x00005afc                xTaskPriorityInherit
 .text.xTaskPriorityDisinherit
                0x00005c3c      0x128 ./freertos/freertos-kernel/tasks.o
                0x00005c3c                xTaskPriorityDisinherit
 .text.vTaskPriorityDisinheritAfterTimeout
                0x00005d64      0x154 ./freertos/freertos-kernel/tasks.o
                0x00005d64                vTaskPriorityDisinheritAfterTimeout
 .text.pvTaskIncrementMutexHeldCount
                0x00005eb8       0x30 ./freertos/freertos-kernel/tasks.o
                0x00005eb8                pvTaskIncrementMutexHeldCount
 .text.xTaskGenericNotifyWait
                0x00005ee8      0x10c ./freertos/freertos-kernel/tasks.o
                0x00005ee8                xTaskGenericNotifyWait
 .text.xTaskGenericNotify
                0x00005ff4      0x200 ./freertos/freertos-kernel/tasks.o
                0x00005ff4                xTaskGenericNotify
 .text.xTaskGenericNotifyFromISR
                0x000061f4      0x26c ./freertos/freertos-kernel/tasks.o
                0x000061f4                xTaskGenericNotifyFromISR
 .text.xTaskGenericNotifyStateClear
                0x00006460       0x64 ./freertos/freertos-kernel/tasks.o
                0x00006460                xTaskGenericNotifyStateClear
 .text.prvAddCurrentTaskToDelayedList
                0x000064c4      0x10c ./freertos/freertos-kernel/tasks.o
 .text.xTimerCreateTimerTask
                0x000065d0       0x54 ./freertos/freertos-kernel/timers.o
                0x000065d0                xTimerCreateTimerTask
 .text.prvProcessExpiredTimer
                0x00006624       0x60 ./freertos/freertos-kernel/timers.o
 .text.prvProcessTimerOrBlockTask
                0x00006684       0x8c ./freertos/freertos-kernel/timers.o
 .text.prvGetNextExpireTime
                0x00006710       0x48 ./freertos/freertos-kernel/timers.o
 .text.prvSampleTimeNow
                0x00006758       0x40 ./freertos/freertos-kernel/timers.o
 .text.prvInsertTimerInActiveList
                0x00006798       0x84 ./freertos/freertos-kernel/timers.o
 .text.prvProcessReceivedCommands
                0x0000681c      0x1a0 ./freertos/freertos-kernel/timers.o
 .text.prvSwitchTimerLists
                0x000069bc       0x4c ./freertos/freertos-kernel/timers.o
 .text.prvCheckForValidListAndQueue
                0x00006a08       0x6c ./freertos/freertos-kernel/timers.o
 .text.POWER_EnablePD
                0x00006a74       0x20 ./drivers/fsl_clock.o
 .text.POWER_DisablePD
                0x00006a94       0x20 ./drivers/fsl_clock.o
 .text.CLOCK_AttachClk
                0x00006ab4       0xa0 ./drivers/fsl_clock.o
                0x00006ab4                CLOCK_AttachClk
 .text.CLOCK_SetClkDiv
                0x00006b54       0x80 ./drivers/fsl_clock.o
                0x00006b54                CLOCK_SetClkDiv
 .text.CLOCK_SetupFROClocking
                0x00006bd4       0x80 ./drivers/fsl_clock.o
                0x00006bd4                CLOCK_SetupFROClocking
 .text.CLOCK_SetFLASHAccessCyclesForFreq
                0x00006c54      0x17c ./drivers/fsl_clock.o
                0x00006c54                CLOCK_SetFLASHAccessCyclesForFreq
 .text.CLOCK_SetupExtClocking
                0x00006dd0       0x64 ./drivers/fsl_clock.o
                0x00006dd0                CLOCK_SetupExtClocking
 .text.CLOCK_GetFro12MFreq
                0x00006e34       0x28 ./drivers/fsl_clock.o
                0x00006e34                CLOCK_GetFro12MFreq
 .text.CLOCK_GetFro1MFreq
                0x00006e5c       0x28 ./drivers/fsl_clock.o
                0x00006e5c                CLOCK_GetFro1MFreq
 .text.CLOCK_GetExtClkFreq
                0x00006e84       0x2c ./drivers/fsl_clock.o
                0x00006e84                CLOCK_GetExtClkFreq
 .text.CLOCK_GetFroHfFreq
                0x00006eb0       0x28 ./drivers/fsl_clock.o
                0x00006eb0                CLOCK_GetFroHfFreq
 .text.CLOCK_GetPll0OutFreq
                0x00006ed8       0x18 ./drivers/fsl_clock.o
                0x00006ed8                CLOCK_GetPll0OutFreq
 .text.CLOCK_GetPll1OutFreq
                0x00006ef0       0x18 ./drivers/fsl_clock.o
                0x00006ef0                CLOCK_GetPll1OutFreq
 .text.CLOCK_GetOsc32KFreq
                0x00006f08       0x58 ./drivers/fsl_clock.o
                0x00006f08                CLOCK_GetOsc32KFreq
 .text.CLOCK_GetCoreSysClkFreq
                0x00006f60       0xa8 ./drivers/fsl_clock.o
                0x00006f60                CLOCK_GetCoreSysClkFreq
 .text.CLOCK_GetI2SMClkFreq
                0x00007008       0x18 ./drivers/fsl_clock.o
                0x00007008                CLOCK_GetI2SMClkFreq
 .text.CLOCK_GetFlexCommInputClock
                0x00007020       0xbc ./drivers/fsl_clock.o
                0x00007020                CLOCK_GetFlexCommInputClock
 .text.CLOCK_GetPLL0InClockRate
                0x000070dc       0x64 ./drivers/fsl_clock.o
                0x000070dc                CLOCK_GetPLL0InClockRate
 .text.CLOCK_SetPLL0Freq
                0x00007140      0x14c ./drivers/fsl_clock.o
                0x00007140                CLOCK_SetPLL0Freq
 .text.CLOCK_EnableUsbhs0PhyPllClock
                0x0000728c      0x190 ./drivers/fsl_clock.o
                0x0000728c                CLOCK_EnableUsbhs0PhyPllClock
 .text.CLOCK_EnableUsbhs0DeviceClock
                0x0000741c       0x50 ./drivers/fsl_clock.o
                0x0000741c                CLOCK_EnableUsbhs0DeviceClock
 .text.SDK_DelayAtLeastUs
                0x0000746c       0x8c ./drivers/fsl_common_arm.o
                0x0000746c                SDK_DelayAtLeastUs
 .text.FLEXCOMM_GetInstance
                0x000074f8       0x4c ./drivers/fsl_flexcomm.o
                0x000074f8                FLEXCOMM_GetInstance
 .text.FLEXCOMM_Init
                0x00007544       0x50 ./drivers/fsl_flexcomm.o
                0x00007544                FLEXCOMM_Init
 .text.FLEXCOMM0_DriverIRQHandler
                0x00007594       0x5c ./drivers/fsl_flexcomm.o
                0x00007594                FLEXCOMM0_DriverIRQHandler
 .text.FLEXCOMM2_DriverIRQHandler
                0x000075f0       0x5c ./drivers/fsl_flexcomm.o
                0x000075f0                FLEXCOMM2_DriverIRQHandler
 .text.FLEXCOMM3_DriverIRQHandler
                0x0000764c       0x5c ./drivers/fsl_flexcomm.o
                0x0000764c                FLEXCOMM3_DriverIRQHandler
 .text.FLEXCOMM4_DriverIRQHandler
                0x000076a8       0x5c ./drivers/fsl_flexcomm.o
                0x000076a8                FLEXCOMM4_DriverIRQHandler
 .text.FLEXCOMM5_DriverIRQHandler
                0x00007704       0x5c ./drivers/fsl_flexcomm.o
                0x00007704                FLEXCOMM5_DriverIRQHandler
 .text.FLEXCOMM6_DriverIRQHandler
                0x00007760       0x5c ./drivers/fsl_flexcomm.o
                0x00007760                FLEXCOMM6_DriverIRQHandler
 .text.FLEXCOMM7_DriverIRQHandler
                0x000077bc       0x5c ./drivers/fsl_flexcomm.o
                0x000077bc                FLEXCOMM7_DriverIRQHandler
 .text.FLEXCOMM8_DriverIRQHandler
                0x00007818       0x5c ./drivers/fsl_flexcomm.o
                0x00007818                FLEXCOMM8_DriverIRQHandler
 .text.GPIO_EnablePortClock
                0x00007874       0x34 ./drivers/fsl_gpio.o
 .text.lowpower_set_system_voltage
                0x000078a8      0x154 ./drivers/fsl_power.o
 .text.lowpower_set_dcdc_power_profile
                0x000079fc       0xec ./drivers/fsl_power.o
 .text.lowpower_get_part_process_corner
                0x00007ae8       0x94 ./drivers/fsl_power.o
 .text.POWER_SetVoltageForFreq
                0x00007b7c       0x50 ./drivers/fsl_power.o
                0x00007b7c                POWER_SetVoltageForFreq
 .text.RESET_SetPeripheralReset
                0x00007bcc       0x5c ./drivers/fsl_reset.o
                0x00007bcc                RESET_SetPeripheralReset
 .text.RESET_ClearPeripheralReset
                0x00007c28       0x60 ./drivers/fsl_reset.o
                0x00007c28                RESET_ClearPeripheralReset
 .text.USART_Init
                0x00007c88      0x1cc ./drivers/fsl_usart.o
                0x00007c88                USART_Init
 .text.USART_GetDefaultConfig
                0x00007e54       0x80 ./drivers/fsl_usart.o
                0x00007e54                USART_GetDefaultConfig
 .text.USART_SetBaudRate
                0x00007ed4      0x18c ./drivers/fsl_usart.o
                0x00007ed4                USART_SetBaudRate
 .text.USART_WriteBlocking
                0x00008060       0x8c ./drivers/fsl_usart.o
                0x00008060                USART_WriteBlocking
 .text.USART_ReadBlocking
                0x000080ec      0x104 ./drivers/fsl_usart.o
                0x000080ec                USART_ReadBlocking
 .text.SystemInit
                0x000081f0       0x78 ./device/system_LPC55S69_cm33_core0.o
                0x000081f0                SystemInit
 .text.HAL_UartInitCommon
                0x00008268      0x110 ./component/uart/fsl_adapter_usart.o
 .text.HAL_UartReceiveBlocking
                0x00008378       0x6c ./component/uart/fsl_adapter_usart.o
                0x00008378                HAL_UartReceiveBlocking
 .text.HAL_UartSendBlocking
                0x000083e4       0x64 ./component/uart/fsl_adapter_usart.o
                0x000083e4                HAL_UartSendBlocking
 .text.OSA_MutexCreate
                0x00008448       0x40 ./component/osa/fsl_os_abstraction_free_rtos.o
                0x00008448                OSA_MutexCreate
 .text.OSA_MutexDestroy
                0x00008488       0x30 ./component/osa/fsl_os_abstraction_free_rtos.o
                0x00008488                OSA_MutexDestroy
 .text.OSA_MsgQCreate
                0x000084b8       0x48 ./component/osa/fsl_os_abstraction_free_rtos.o
                0x000084b8                OSA_MsgQCreate
 .text.OSA_MsgQPut
                0x00008500       0x8c ./component/osa/fsl_os_abstraction_free_rtos.o
                0x00008500                OSA_MsgQPut
 .text.OSA_MsgQGet
                0x0000858c       0x8c ./component/osa/fsl_os_abstraction_free_rtos.o
                0x0000858c                OSA_MsgQGet
 .text.OSA_MsgQDestroy
                0x00008618       0x30 ./component/osa/fsl_os_abstraction_free_rtos.o
                0x00008618                OSA_MsgQDestroy
 .text.BOARD_InitDebugConsole
                0x00008648       0x38 ./board/board.o
                0x00008648                BOARD_InitDebugConsole
 .text.POWER_DisablePD
                0x00008680       0x20 ./board/clock_config.o
 .text.BOARD_BootClockPLL150M
                0x000086a0      0x104 ./board/clock_config.o
                0x000086a0                BOARD_BootClockPLL150M
 .text.malloc   0x000087a4       0xc8 C:/nxp/MCUXpressoIDE_25.6.136/ide/plugins/com.nxp.mcuxpresso.tools.win32_25.6.0.202501151204/tools/bin/../lib/gcc/arm-none-eabi/14.2.1/../../../../arm-none-eabi/lib/thumb/v8-m.main+fp/hard\libcr_c.a(alloc.o)
                0x000087a4                malloc
 .text._Csys_alloc
                0x0000886c       0x20 C:/nxp/MCUXpressoIDE_25.6.136/ide/plugins/com.nxp.mcuxpresso.tools.win32_25.6.0.202501151204/tools/bin/../lib/gcc/arm-none-eabi/14.2.1/../../../../arm-none-eabi/lib/thumb/v8-m.main+fp/hard\libcr_c.a(alloc.o)
                0x0000886c                _Csys_alloc
 .text._initio  0x0000888c       0x78 C:/nxp/MCUXpressoIDE_25.6.136/ide/plugins/com.nxp.mcuxpresso.tools.win32_25.6.0.202501151204/tools/bin/../lib/gcc/arm-none-eabi/14.2.1/../../../../arm-none-eabi/lib/thumb/v8-m.main+fp/hard\libcr_c.a(initio.o)
                0x0000888c                _initio
 .text.__vfprintf
                0x00008904      0xb64 C:/nxp/MCUXpressoIDE_25.6.136/ide/plugins/com.nxp.mcuxpresso.tools.win32_25.6.0.202501151204/tools/bin/../lib/gcc/arm-none-eabi/14.2.1/../../../../arm-none-eabi/lib/thumb/v8-m.main+fp/hard\libcr_c.a(printf.o)
                0x00008904                __vfprintf
 .text._snprintf
                0x00009468       0x78 C:/nxp/MCUXpressoIDE_25.6.136/ide/plugins/com.nxp.mcuxpresso.tools.win32_25.6.0.202501151204/tools/bin/../lib/gcc/arm-none-eabi/14.2.1/../../../../arm-none-eabi/lib/thumb/v8-m.main+fp/hard\libcr_c.a(printf.o)
                0x00009468                _snprintf
 .text._sbrk    0x000094e0       0x3c C:/nxp/MCUXpressoIDE_25.6.136/ide/plugins/com.nxp.mcuxpresso.tools.win32_25.6.0.202501151204/tools/bin/../lib/gcc/arm-none-eabi/14.2.1/../../../../arm-none-eabi/lib/thumb/v8-m.main+fp/hard\libcr_c.a(_cr_sbrk.o)
                0x000094e0                _sbrk
 .text._Cwritebuf
                0x0000951c       0x70 C:/nxp/MCUXpressoIDE_25.6.136/ide/plugins/com.nxp.mcuxpresso.tools.win32_25.6.0.202501151204/tools/bin/../lib/gcc/arm-none-eabi/14.2.1/../../../../arm-none-eabi/lib/thumb/v8-m.main+fp/hard\libcr_c.a(_writebuf.o)
                0x0000951c                _Cwritebuf
 .text.fflush   0x0000958c       0x3c C:/nxp/MCUXpressoIDE_25.6.136/ide/plugins/com.nxp.mcuxpresso.tools.win32_25.6.0.202501151204/tools/bin/../lib/gcc/arm-none-eabi/14.2.1/../../../../arm-none-eabi/lib/thumb/v8-m.main+fp/hard\libcr_c.a(fflush.o)
                0x0000958c                fflush
 .text.fseek    0x000095c8       0xf8 C:/nxp/MCUXpressoIDE_25.6.136/ide/plugins/com.nxp.mcuxpresso.tools.win32_25.6.0.202501151204/tools/bin/../lib/gcc/arm-none-eabi/14.2.1/../../../../arm-none-eabi/lib/thumb/v8-m.main+fp/hard\libcr_c.a(fseek.o)
                0x000095c8                fseek
 .text.ftell    0x000096c0       0x44 C:/nxp/MCUXpressoIDE_25.6.136/ide/plugins/com.nxp.mcuxpresso.tools.win32_25.6.0.202501151204/tools/bin/../lib/gcc/arm-none-eabi/14.2.1/../../../../arm-none-eabi/lib/thumb/v8-m.main+fp/hard\libcr_c.a(ftell.o)
                0x000096c0                ftell
 .text.__check_heap_overflow
                0x00009704       0x18 C:/nxp/MCUXpressoIDE_25.6.136/ide/plugins/com.nxp.mcuxpresso.tools.win32_25.6.0.202501151204/tools/bin/../lib/gcc/arm-none-eabi/14.2.1/../../../../arm-none-eabi/lib/thumb/v8-m.main+fp/hard\libcr_c.a(_cr_check_heap.o)
                0x00009704                __check_heap_overflow
 .text.DbgConsole_Printf
                0x0000971c       0x2c ./utilities/debug_console_lite/fsl_debug_console.o
                0x0000971c                DbgConsole_Printf
 .text.DbgConsole_PrintfPaddingCharacter
                0x00009748       0x40 ./utilities/debug_console_lite/fsl_debug_console.o
 .text.DbgConsole_ConvertRadixNumToString
                0x00009788       0xc2 ./utilities/debug_console_lite/fsl_debug_console.o
 .text.fsl_assert_hook
                0x0000984a       0x1a ./utilities/fsl_assert.o
                0x0000984a                fsl_assert_hook
 .text.USB_EhciPhyInit
                0x00009864       0xaa ./usb/phy/usb_phy.o
                0x00009864                USB_EhciPhyInit
 .text.USB_DeviceCdcAcmFreeHandle
                0x0000990e       0x32 ./usb/device/class/usb_device_cdc_acm.o
 .text.USB_DeviceCdcAcmInterruptIn
                0x00009940       0x54 ./usb/device/class/usb_device_cdc_acm.o
 .text.USB_DeviceCdcAcmBulkIn
                0x00009994       0x54 ./usb/device/class/usb_device_cdc_acm.o
 .text.USB_DeviceCdcAcmBulkOut
                0x000099e8       0x54 ./usb/device/class/usb_device_cdc_acm.o
 .text.USB_DeviceCdcAcmEndpointsDeinit
                0x00009a3c       0xae ./usb/device/class/usb_device_cdc_acm.o
 .text.USB_DeviceCdcAcmInit
                0x00009aea       0xaa ./usb/device/class/usb_device_cdc_acm.o
                0x00009aea                USB_DeviceCdcAcmInit
 .text.USB_DeviceCdcAcmDeinit
                0x00009b94       0x4e ./usb/device/class/usb_device_cdc_acm.o
                0x00009b94                USB_DeviceCdcAcmDeinit
 .text.USB_DeviceCdcAcmSend
                0x00009be2       0xa4 ./usb/device/class/usb_device_cdc_acm.o
                0x00009be2                USB_DeviceCdcAcmSend
 .text.USB_DeviceCdcAcmRecv
                0x00009c86       0x78 ./usb/device/class/usb_device_cdc_acm.o
                0x00009c86                USB_DeviceCdcAcmRecv
 .text.USB_DeviceClassCallback
                0x00009cfe       0x5e ./usb/device/class/usb_device_class.o
                0x00009cfe                USB_DeviceClassCallback
 .text.USB_DeviceClassGetSpeed
                0x00009d5c       0x44 ./usb/device/class/usb_device_class.o
                0x00009d5c                USB_DeviceClassGetSpeed
 .text.USB_DeviceCh9GetStatus
                0x00009da0      0x138 ./usb/device/usb_device_ch9.o
 .text.USB_DeviceCh9SetClearFeature
                0x00009ed8      0x110 ./usb/device/usb_device_ch9.o
 .text.USB_DeviceCh9SetAddress
                0x00009fe8       0xd0 ./usb/device/usb_device_ch9.o
 .text.USB_DeviceCh9GetDescriptor
                0x0000a0b8      0x13a ./usb/device/usb_device_ch9.o
 .text.USB_DeviceCh9GetConfiguration
                0x0000a1f2       0x8e ./usb/device/usb_device_ch9.o
 .text.USB_DeviceCh9SetConfiguration
                0x0000a280       0xb6 ./usb/device/usb_device_ch9.o
 .text.USB_DeviceCh9GetInterface
                0x0000a336       0x9c ./usb/device/usb_device_ch9.o
 .text.USB_DeviceCh9SetInterface
                0x0000a3d2       0x90 ./usb/device/usb_device_ch9.o
 .text.USB_DeviceCh9SynchFrame
                0x0000a462       0x64 ./usb/device/usb_device_ch9.o
 .text.USB_DeviceControlCallbackFeedback
                0x0000a4c6       0x9a ./usb/device/usb_device_ch9.o
 .text.USB_DeviceFreeHandle
                0x0000a560       0x3c ./usb/device/usb_device_dci.o
 .text.USB_DeviceTransfer
                0x0000a59c      0x136 ./usb/device/usb_device_dci.o
 .text.USB_DeviceControl
                0x0000a6d2       0x4c ./usb/device/usb_device_dci.o
 .text.USB_DeviceResetNotification
                0x0000a71e       0xdc ./usb/device/usb_device_dci.o
 .text.USB_DeviceNotification
                0x0000a7fa      0x102 ./usb/device/usb_device_dci.o
 .text.USB_DeviceNotificationTrigger
                0x0000a8fc       0x7c ./usb/device/usb_device_dci.o
                0x0000a8fc                USB_DeviceNotificationTrigger
 .text.USB_DeviceInit
                0x0000a978      0x18e ./usb/device/usb_device_dci.o
                0x0000a978                USB_DeviceInit
 .text.USB_DeviceRun
                0x0000ab06       0x1c ./usb/device/usb_device_dci.o
                0x0000ab06                USB_DeviceRun
 .text.USB_DeviceDeinit
                0x0000ab22       0x5a ./usb/device/usb_device_dci.o
                0x0000ab22                USB_DeviceDeinit
 .text.USB_DeviceSendRequest
                0x0000ab7c       0x32 ./usb/device/usb_device_dci.o
                0x0000ab7c                USB_DeviceSendRequest
 .text.USB_DeviceRecvRequest
                0x0000abae       0x2c ./usb/device/usb_device_dci.o
                0x0000abae                USB_DeviceRecvRequest
 .text.USB_DeviceInitEndpoint
                0x0000abda       0xbe ./usb/device/usb_device_dci.o
                0x0000abda                USB_DeviceInitEndpoint
 .text.USB_DeviceDeinitEndpoint
                0x0000ac98       0xf0 ./usb/device/usb_device_dci.o
                0x0000ac98                USB_DeviceDeinitEndpoint
 .text.USB_DeviceStallEndpoint
                0x0000ad88       0x30 ./usb/device/usb_device_dci.o
                0x0000ad88                USB_DeviceStallEndpoint
 .text.USB_DeviceUnstallEndpoint
                0x0000adb8       0x30 ./usb/device/usb_device_dci.o
                0x0000adb8                USB_DeviceUnstallEndpoint
 .text.USB_DeviceTaskFunction
                0x0000ade8       0x4e ./usb/device/usb_device_dci.o
                0x0000ade8                USB_DeviceTaskFunction
 .text.USB_DeviceLpcIp3511MaxPacketNeedCopy
                0x0000ae36       0x16 ./usb/device/usb_device_lpcip3511.o
 .text.USB_DeviceLpc3511IpGetEndpointStateStruct
                0x0000ae4c       0x34 ./usb/device/usb_device_lpcip3511.o
 .text.USB_DeviceLpc3511IpEndpointPrime
                0x0000ae80      0x156 ./usb/device/usb_device_lpcip3511.o
 .text.USB_DeviceLpc3511IpEndpointInit
                0x0000afd6      0x1f6 ./usb/device/usb_device_lpcip3511.o
 .text.USB_DeviceLpc3511IpEndpointDeinit
                0x0000b1cc       0xc2 ./usb/device/usb_device_lpcip3511.o
 .text.USB_DeviceLpc3511IpEndpointStall
                0x0000b28e      0x11e ./usb/device/usb_device_lpcip3511.o
 .text.USB_DeviceLpc3511IpEndpointUnstall
                0x0000b3ac       0xe4 ./usb/device/usb_device_lpcip3511.o
 .text.USB_DeviceLpc3511IpDoPreviousTransactionMemcpy
                0x0000b490       0x84 ./usb/device/usb_device_lpcip3511.o
 .text.USB_DeviceLpc3511IpTokenUpdate
                0x0000b514       0xea ./usb/device/usb_device_lpcip3511.o
 .text.USB_DeviceLpc3511IpInterruptToken
                0x0000b5fe      0x334 ./usb/device/usb_device_lpcip3511.o
 .text.USB_DeviceLpc3511IpInterruptReset
                0x0000b932       0x84 ./usb/device/usb_device_lpcip3511.o
 .text.USB_DeviceLpc3511IpTransaction
                0x0000b9b6      0x112 ./usb/device/usb_device_lpcip3511.o
 .text.USB_DeviceLpc3511IpSend
                0x0000bac8       0x76 ./usb/device/usb_device_lpcip3511.o
                0x0000bac8                USB_DeviceLpc3511IpSend
 .text.USB_DeviceLpc3511IpRecv
                0x0000bb3e       0x26 ./usb/device/usb_device_lpcip3511.o
                0x0000bb3e                USB_DeviceLpc3511IpRecv
 .text.USB_DeviceLpc3511IpCancel
                0x0000bb64      0x322 ./usb/device/usb_device_lpcip3511.o
                0x0000bb64                USB_DeviceLpc3511IpCancel
 .text.USB_DeviceLpcIp3511IsrFunction
                0x0000be86      0x158 ./usb/device/usb_device_lpcip3511.o
                0x0000be86                USB_DeviceLpcIp3511IsrFunction
 .text.WDT_BOD_IRQHandler
                0x0000bfde        0x8 ./startup/startup_lpc55s69_cm33_core0.o
                0x0000bfde                WDT_BOD_IRQHandler
 .text.DMA0_IRQHandler
                0x0000bfe6        0x8 ./startup/startup_lpc55s69_cm33_core0.o
                0x0000bfe6                DMA0_IRQHandler
 .text.GINT0_IRQHandler
                0x0000bfee        0x8 ./startup/startup_lpc55s69_cm33_core0.o
                0x0000bfee                GINT0_IRQHandler
 .text.GINT1_IRQHandler
                0x0000bff6        0x8 ./startup/startup_lpc55s69_cm33_core0.o
                0x0000bff6                GINT1_IRQHandler
 .text.PIN_INT0_IRQHandler
                0x0000bffe        0x8 ./startup/startup_lpc55s69_cm33_core0.o
                0x0000bffe                PIN_INT0_IRQHandler
 .text.PIN_INT1_IRQHandler
                0x0000c006        0x8 ./startup/startup_lpc55s69_cm33_core0.o
                0x0000c006                PIN_INT1_IRQHandler
 .text.PIN_INT2_IRQHandler
                0x0000c00e        0x8 ./startup/startup_lpc55s69_cm33_core0.o
                0x0000c00e                PIN_INT2_IRQHandler
 .text.PIN_INT3_IRQHandler
                0x0000c016        0x8 ./startup/startup_lpc55s69_cm33_core0.o
                0x0000c016                PIN_INT3_IRQHandler
 .text.UTICK0_IRQHandler
                0x0000c01e        0x8 ./startup/startup_lpc55s69_cm33_core0.o
                0x0000c01e                UTICK0_IRQHandler
 .text.MRT0_IRQHandler
                0x0000c026        0x8 ./startup/startup_lpc55s69_cm33_core0.o
                0x0000c026                MRT0_IRQHandler
 .text.CTIMER0_IRQHandler
                0x0000c02e        0x8 ./startup/startup_lpc55s69_cm33_core0.o
                0x0000c02e                CTIMER0_IRQHandler
 .text.CTIMER1_IRQHandler
                0x0000c036        0x8 ./startup/startup_lpc55s69_cm33_core0.o
                0x0000c036                CTIMER1_IRQHandler
 .text.SCT0_IRQHandler
                0x0000c03e        0x8 ./startup/startup_lpc55s69_cm33_core0.o
                0x0000c03e                SCT0_IRQHandler
 .text.CTIMER3_IRQHandler
                0x0000c046        0x8 ./startup/startup_lpc55s69_cm33_core0.o
                0x0000c046                CTIMER3_IRQHandler
 .text.FLEXCOMM0_IRQHandler
                0x0000c04e        0x8 ./startup/startup_lpc55s69_cm33_core0.o
                0x0000c04e                FLEXCOMM0_IRQHandler
 .text.FLEXCOMM2_IRQHandler
                0x0000c056        0x8 ./startup/startup_lpc55s69_cm33_core0.o
                0x0000c056                FLEXCOMM2_IRQHandler
 .text.FLEXCOMM3_IRQHandler
                0x0000c05e        0x8 ./startup/startup_lpc55s69_cm33_core0.o
                0x0000c05e                FLEXCOMM3_IRQHandler
 .text.FLEXCOMM4_IRQHandler
                0x0000c066        0x8 ./startup/startup_lpc55s69_cm33_core0.o
                0x0000c066                FLEXCOMM4_IRQHandler
 .text.FLEXCOMM5_IRQHandler
                0x0000c06e        0x8 ./startup/startup_lpc55s69_cm33_core0.o
                0x0000c06e                FLEXCOMM5_IRQHandler
 .text.FLEXCOMM6_IRQHandler
                0x0000c076        0x8 ./startup/startup_lpc55s69_cm33_core0.o
                0x0000c076                FLEXCOMM6_IRQHandler
 .text.FLEXCOMM7_IRQHandler
                0x0000c07e        0x8 ./startup/startup_lpc55s69_cm33_core0.o
                0x0000c07e                FLEXCOMM7_IRQHandler
 .text.ADC0_IRQHandler
                0x0000c086        0x8 ./startup/startup_lpc55s69_cm33_core0.o
                0x0000c086                ADC0_IRQHandler
 .text.Reserved39_IRQHandler
                0x0000c08e        0x8 ./startup/startup_lpc55s69_cm33_core0.o
                0x0000c08e                Reserved39_IRQHandler
 .text.ACMP_IRQHandler
                0x0000c096        0x8 ./startup/startup_lpc55s69_cm33_core0.o
                0x0000c096                ACMP_IRQHandler
 .text.Reserved41_IRQHandler
                0x0000c09e        0x8 ./startup/startup_lpc55s69_cm33_core0.o
                0x0000c09e                Reserved41_IRQHandler
 .text.Reserved42_IRQHandler
                0x0000c0a6        0x8 ./startup/startup_lpc55s69_cm33_core0.o
                0x0000c0a6                Reserved42_IRQHandler
 .text.USB0_NEEDCLK_IRQHandler
                0x0000c0ae        0x8 ./startup/startup_lpc55s69_cm33_core0.o
                0x0000c0ae                USB0_NEEDCLK_IRQHandler
 .text.USB0_IRQHandler
                0x0000c0b6        0x8 ./startup/startup_lpc55s69_cm33_core0.o
                0x0000c0b6                USB0_IRQHandler
 .text.RTC_IRQHandler
                0x0000c0be        0x8 ./startup/startup_lpc55s69_cm33_core0.o
                0x0000c0be                RTC_IRQHandler
 .text.Reserved46_IRQHandler
                0x0000c0c6        0x8 ./startup/startup_lpc55s69_cm33_core0.o
                0x0000c0c6                Reserved46_IRQHandler
 .text.MAILBOX_IRQHandler
                0x0000c0ce        0x8 ./startup/startup_lpc55s69_cm33_core0.o
                0x0000c0ce                MAILBOX_IRQHandler
 .text.PIN_INT4_IRQHandler
                0x0000c0d6        0x8 ./startup/startup_lpc55s69_cm33_core0.o
                0x0000c0d6                PIN_INT4_IRQHandler
 .text.PIN_INT5_IRQHandler
                0x0000c0de        0x8 ./startup/startup_lpc55s69_cm33_core0.o
                0x0000c0de                PIN_INT5_IRQHandler
 .text.PIN_INT6_IRQHandler
                0x0000c0e6        0x8 ./startup/startup_lpc55s69_cm33_core0.o
                0x0000c0e6                PIN_INT6_IRQHandler
 .text.PIN_INT7_IRQHandler
                0x0000c0ee        0x8 ./startup/startup_lpc55s69_cm33_core0.o
                0x0000c0ee                PIN_INT7_IRQHandler
 .text.CTIMER2_IRQHandler
                0x0000c0f6        0x8 ./startup/startup_lpc55s69_cm33_core0.o
                0x0000c0f6                CTIMER2_IRQHandler
 .text.CTIMER4_IRQHandler
                0x0000c0fe        0x8 ./startup/startup_lpc55s69_cm33_core0.o
                0x0000c0fe                CTIMER4_IRQHandler
 .text.OS_EVENT_IRQHandler
                0x0000c106        0x8 ./startup/startup_lpc55s69_cm33_core0.o
                0x0000c106                OS_EVENT_IRQHandler
 .text.Reserved55_IRQHandler
                0x0000c10e        0x8 ./startup/startup_lpc55s69_cm33_core0.o
                0x0000c10e                Reserved55_IRQHandler
 .text.Reserved56_IRQHandler
                0x0000c116        0x8 ./startup/startup_lpc55s69_cm33_core0.o
                0x0000c116                Reserved56_IRQHandler
 .text.Reserved57_IRQHandler
                0x0000c11e        0x8 ./startup/startup_lpc55s69_cm33_core0.o
                0x0000c11e                Reserved57_IRQHandler
 .text.SDIO_IRQHandler
                0x0000c126        0x8 ./startup/startup_lpc55s69_cm33_core0.o
                0x0000c126                SDIO_IRQHandler
 .text.Reserved59_IRQHandler
                0x0000c12e        0x8 ./startup/startup_lpc55s69_cm33_core0.o
                0x0000c12e                Reserved59_IRQHandler
 .text.Reserved60_IRQHandler
                0x0000c136        0x8 ./startup/startup_lpc55s69_cm33_core0.o
                0x0000c136                Reserved60_IRQHandler
 .text.Reserved61_IRQHandler
                0x0000c13e        0x8 ./startup/startup_lpc55s69_cm33_core0.o
                0x0000c13e                Reserved61_IRQHandler
 .text.USB1_PHY_IRQHandler
                0x0000c146        0x8 ./startup/startup_lpc55s69_cm33_core0.o
                0x0000c146                USB1_PHY_IRQHandler
 .text.USB1_NEEDCLK_IRQHandler
                0x0000c14e        0x8 ./startup/startup_lpc55s69_cm33_core0.o
                0x0000c14e                USB1_NEEDCLK_IRQHandler
 .text.SEC_HYPERVISOR_CALL_IRQHandler
                0x0000c156        0x8 ./startup/startup_lpc55s69_cm33_core0.o
                0x0000c156                SEC_HYPERVISOR_CALL_IRQHandler
 .text.SEC_GPIO_INT0_IRQ0_IRQHandler
                0x0000c15e        0x8 ./startup/startup_lpc55s69_cm33_core0.o
                0x0000c15e                SEC_GPIO_INT0_IRQ0_IRQHandler
 .text.SEC_GPIO_INT0_IRQ1_IRQHandler
                0x0000c166        0x8 ./startup/startup_lpc55s69_cm33_core0.o
                0x0000c166                SEC_GPIO_INT0_IRQ1_IRQHandler
 .text.PLU_IRQHandler
                0x0000c16e        0x8 ./startup/startup_lpc55s69_cm33_core0.o
                0x0000c16e                PLU_IRQHandler
 .text.SEC_VIO_IRQHandler
                0x0000c176        0x8 ./startup/startup_lpc55s69_cm33_core0.o
                0x0000c176                SEC_VIO_IRQHandler
 .text.HASHCRYPT_IRQHandler
                0x0000c17e        0x8 ./startup/startup_lpc55s69_cm33_core0.o
                0x0000c17e                HASHCRYPT_IRQHandler
 .text.CASER_IRQHandler
                0x0000c186        0x8 ./startup/startup_lpc55s69_cm33_core0.o
                0x0000c186                CASER_IRQHandler
 .text.PUF_IRQHandler
                0x0000c18e        0x8 ./startup/startup_lpc55s69_cm33_core0.o
                0x0000c18e                PUF_IRQHandler
 .text.PQ_IRQHandler
                0x0000c196        0x8 ./startup/startup_lpc55s69_cm33_core0.o
                0x0000c196                PQ_IRQHandler
 .text.DMA1_IRQHandler
                0x0000c19e        0x8 ./startup/startup_lpc55s69_cm33_core0.o
                0x0000c19e                DMA1_IRQHandler
 .text.FLEXCOMM8_IRQHandler
                0x0000c1a6        0x8 ./startup/startup_lpc55s69_cm33_core0.o
                0x0000c1a6                FLEXCOMM8_IRQHandler
 .text.FreeRTOS_CLIRegisterCommand
                0x0000c1ae       0x48 ./source/FreeRTOS_CLI.o
                0x0000c1ae                FreeRTOS_CLIRegisterCommand
 .text.FreeRTOS_CLIGetParameter
                0x0000c1f6       0xb2 ./source/FreeRTOS_CLI.o
                0x0000c1f6                FreeRTOS_CLIGetParameter
 .text.prvGetNumberOfParameters
                0x0000c2a8       0x66 ./source/FreeRTOS_CLI.o
 .text.GPIO_PinWrite
                0x0000c30e       0x2a ./source/cli_commands.o
 .text.GPIO_PinRead
                0x0000c338       0x28 ./source/cli_commands.o
 .text.GPIO_PortSet
                0x0000c360       0x26 ./source/cli_commands.o
 .text.GPIO_PortClear
                0x0000c386       0x26 ./source/cli_commands.o
 .text.CLOCK_EnableClock
                0x0000c3ac       0x30 ./source/hardware_init.o
 .text.CLOCK_DisableClock
                0x0000c3dc       0x30 ./source/hardware_init.o
 .text.EnableIRQ
                0x0000c40c       0x32 ./source/hardware_init.o
 .text.USB_DeviceIsrEnable
                0x0000c43e       0x2c ./source/hardware_init.o
                0x0000c43e                USB_DeviceIsrEnable
 .text.USB_DeviceTaskFn
                0x0000c46a       0x16 ./source/hardware_init.o
                0x0000c46a                USB_DeviceTaskFn
 .text.CLOCK_EnableClock
                0x0000c480       0x30 ./source/pin_mux.o
 .text.IOCON_PinMuxSet
                0x0000c4b0       0x2e ./source/pin_mux.o
 .text.BOARD_InitBootPins
                0x0000c4de        0xc ./source/pin_mux.o
                0x0000c4de                BOARD_InitBootPins
 .text.HardFault_Handler
                0x0000c4ea       0x36 ./source/semihost_hardfault.o
                0x0000c4ea                HardFault_Handler
 .text.EnableIRQ
                0x0000c520       0x32 ./source/virtual_com.o
 .text.USART_GetStatusFlags
                0x0000c552       0x3c ./source/virtual_com.o
 .text.USART_ReadByte
                0x0000c58e       0x1c ./source/virtual_com.o
 .text.USB_DeviceTask
                0x0000c5aa       0x10 ./source/virtual_com.o
                0x0000c5aa                USB_DeviceTask
 .text.vPortSVCHandler_C
                0x0000c5ba       0x34 ./freertos/freertos-kernel/portable/GCC/ARM_CM33_NTZ/non_secure/port.o
                0x0000c5ba                vPortSVCHandler_C
 .text.ulSetInterruptMask
                0x0000c5ee       0x1a ./freertos/freertos-kernel/portable/GCC/ARM_CM33_NTZ/non_secure/portasm.o
                0x0000c5ee                ulSetInterruptMask
 .text.vClearInterruptMask
                0x0000c608       0x10 ./freertos/freertos-kernel/portable/GCC/ARM_CM33_NTZ/non_secure/portasm.o
                0x0000c608                vClearInterruptMask
 .text.vListInitialise
                0x0000c618       0x40 ./freertos/freertos-kernel/list.o
                0x0000c618                vListInitialise
 .text.vListInitialiseItem
                0x0000c658       0x1a ./freertos/freertos-kernel/list.o
                0x0000c658                vListInitialiseItem
 .text.vListInsert
                0x0000c672       0x72 ./freertos/freertos-kernel/list.o
                0x0000c672                vListInsert
 .text.uxListRemove
                0x0000c6e4       0x54 ./freertos/freertos-kernel/list.o
                0x0000c6e4                uxListRemove
 .text.xQueueGenericReset
                0x0000c738       0xee ./freertos/freertos-kernel/queue.o
                0x0000c738                xQueueGenericReset
 .text.xQueueGenericCreate
                0x0000c826       0x8c ./freertos/freertos-kernel/queue.o
                0x0000c826                xQueueGenericCreate
 .text.prvInitialiseNewQueue
                0x0000c8b2       0x46 ./freertos/freertos-kernel/queue.o
 .text.prvInitialiseMutex
                0x0000c8f8       0x34 ./freertos/freertos-kernel/queue.o
 .text.xQueueCreateMutex
                0x0000c92c       0x30 ./freertos/freertos-kernel/queue.o
                0x0000c92c                xQueueCreateMutex
 .text.xQueueGenericSend
                0x0000c95c      0x192 ./freertos/freertos-kernel/queue.o
                0x0000c95c                xQueueGenericSend
 .text.xQueueGenericSendFromISR
                0x0000caee      0x104 ./freertos/freertos-kernel/queue.o
                0x0000caee                xQueueGenericSendFromISR
 .text.xQueueReceive
                0x0000cbf2      0x172 ./freertos/freertos-kernel/queue.o
                0x0000cbf2                xQueueReceive
 .text.xQueueSemaphoreTake
                0x0000cd64      0x1ae ./freertos/freertos-kernel/queue.o
                0x0000cd64                xQueueSemaphoreTake
 .text.vQueueDelete
                0x0000cf12       0x2c ./freertos/freertos-kernel/queue.o
                0x0000cf12                vQueueDelete
 .text.prvGetDisinheritPriorityAfterTimeout
                0x0000cf3e       0x30 ./freertos/freertos-kernel/queue.o
 .text.prvCopyDataToQueue
                0x0000cf6e       0xd4 ./freertos/freertos-kernel/queue.o
 .text.prvCopyDataFromQueue
                0x0000d042       0x4c ./freertos/freertos-kernel/queue.o
 .text.prvUnlockQueue
                0x0000d08e       0xa4 ./freertos/freertos-kernel/queue.o
 .text.prvIsQueueEmpty
                0x0000d132       0x2c ./freertos/freertos-kernel/queue.o
 .text.prvIsQueueFull
                0x0000d15e       0x30 ./freertos/freertos-kernel/queue.o
 .text.vQueueWaitForMessageRestricted
                0x0000d18e       0x68 ./freertos/freertos-kernel/queue.o
                0x0000d18e                vQueueWaitForMessageRestricted
 .text.xStreamBufferGenericCreate
                0x0000d1f6       0xae ./freertos/freertos-kernel/stream_buffer.o
                0x0000d1f6                xStreamBufferGenericCreate
 .text.xStreamBufferSpacesAvailable
                0x0000d2a4       0x62 ./freertos/freertos-kernel/stream_buffer.o
                0x0000d2a4                xStreamBufferSpacesAvailable
 .text.xStreamBufferSend
                0x0000d306      0x162 ./freertos/freertos-kernel/stream_buffer.o
                0x0000d306                xStreamBufferSend
 .text.xStreamBufferSendFromISR
                0x0000d468       0xac ./freertos/freertos-kernel/stream_buffer.o
                0x0000d468                xStreamBufferSendFromISR
 .text.prvWriteMessageToBuffer
                0x0000d514       0x80 ./freertos/freertos-kernel/stream_buffer.o
 .text.xStreamBufferReceive
                0x0000d594      0x11c ./freertos/freertos-kernel/stream_buffer.o
                0x0000d594                xStreamBufferReceive
 .text.prvReadMessageFromBuffer
                0x0000d6b0       0x7a ./freertos/freertos-kernel/stream_buffer.o
 .text.prvWriteBytesToBuffer
                0x0000d72a       0xaa ./freertos/freertos-kernel/stream_buffer.o
 .text.prvReadBytesFromBuffer
                0x0000d7d4       0xa4 ./freertos/freertos-kernel/stream_buffer.o
 .text.prvBytesInBuffer
                0x0000d878       0x40 ./freertos/freertos-kernel/stream_buffer.o
 .text.prvInitialiseNewStreamBuffer
                0x0000d8b8       0x56 ./freertos/freertos-kernel/stream_buffer.o
 .text.prvCreateTask
                0x0000d90e       0x78 ./freertos/freertos-kernel/tasks.o
 .text.xTaskCreate
                0x0000d986       0x46 ./freertos/freertos-kernel/tasks.o
                0x0000d986                xTaskCreate
 .text.prvInitialiseNewTask
                0x0000d9cc      0x100 ./freertos/freertos-kernel/tasks.o
 .text.prvDeleteTCB
                0x0000dacc       0x20 ./freertos/freertos-kernel/tasks.o
 .text.prvReloadTimer
                0x0000daec       0x42 ./freertos/freertos-kernel/timers.o
 .text.prvTimerTask
                0x0000db2e       0x24 ./freertos/freertos-kernel/timers.o
 .text.CLOCK_IsPLL0Locked
                0x0000db52       0x24 ./drivers/fsl_clock.o
 .text.CLOCK_GetFlexCommClkFreq
                0x0000db76       0x9a ./drivers/fsl_clock.o
                0x0000db76                CLOCK_GetFlexCommClkFreq
 .text.findPll0PreDiv
                0x0000dc10       0x3e ./drivers/fsl_clock.o
 .text.DelayLoop
                0x0000dc4e       0x20 ./drivers/fsl_common_arm.o
 .text.CLOCK_EnableClock
                0x0000dc6e       0x30 ./drivers/fsl_flexcomm.o
 .text.FLEXCOMM_PeripheralIsPresent
                0x0000dc9e       0x64 ./drivers/fsl_flexcomm.o
 .text.FLEXCOMM_SetPeriph
                0x0000dd02       0x74 ./drivers/fsl_flexcomm.o
 .text.CLOCK_EnableClock
                0x0000dd76       0x30 ./drivers/fsl_gpio.o
 .text.GPIO_PinInit
                0x0000dda6       0xa4 ./drivers/fsl_gpio.o
                0x0000dda6                GPIO_PinInit
 .text.lowpower_set_voltage_for_process
                0x0000de4a       0xaa ./drivers/fsl_power.o
 .text.RESET_PeripheralReset
                0x0000def4       0x1c ./drivers/fsl_reset.o
                0x0000def4                RESET_PeripheralReset
 .text.USART_EnableContinuousSCLK
                0x0000df10       0x38 ./drivers/fsl_usart.o
 .text.SystemInitHook
                0x0000df48        0xe ./device/system_LPC55S69_cm33_core0.o
                0x0000df48                SystemInitHook
 .text.HAL_UartGetStatus
                0x0000df56       0x22 ./component/uart/fsl_adapter_usart.o
 .text.HAL_UartInit
                0x0000df78       0x36 ./component/uart/fsl_adapter_usart.o
                0x0000df78                HAL_UartInit
 .text.OSA_EnterCritical
                0x0000dfae       0x2c ./component/osa/fsl_os_abstraction_free_rtos.o
                0x0000dfae                OSA_EnterCritical
 .text.OSA_ExitCritical
                0x0000dfda       0x28 ./component/osa/fsl_os_abstraction_free_rtos.o
                0x0000dfda                OSA_ExitCritical
 .text.BOARD_InitBootClocks
                0x0000e002        0xc ./board/clock_config.o
                0x0000e002                BOARD_InitBootClocks
 .text.__main   0x0000e00e        0xe C:/nxp/MCUXpressoIDE_25.6.136/ide/plugins/com.nxp.mcuxpresso.tools.win32_25.6.0.202501151204/tools/bin/../lib/gcc/arm-none-eabi/14.2.1/../../../../arm-none-eabi/lib/thumb/v8-m.main+fp/hard\libcr_nohost_nf.a(_cr__main.o)
                0x0000e00e                __main
 .text.memset   0x0000e01c        0x4 C:/nxp/MCUXpressoIDE_25.6.136/ide/plugins/com.nxp.mcuxpresso.tools.win32_25.6.0.202501151204/tools/bin/../lib/gcc/arm-none-eabi/14.2.1/../../../../arm-none-eabi/lib/thumb/v8-m.main+fp/hard\libcr_c.a(memset.o)
                0x0000e01c                memset
 .text.free     0x0000e020       0x30 C:/nxp/MCUXpressoIDE_25.6.136/ide/plugins/com.nxp.mcuxpresso.tools.win32_25.6.0.202501151204/tools/bin/../lib/gcc/arm-none-eabi/14.2.1/../../../../arm-none-eabi/lib/thumb/v8-m.main+fp/hard\libcr_c.a(alloc.o)
                0x0000e020                free
 .text.no_fp_display
                0x0000e050        0x4 C:/nxp/MCUXpressoIDE_25.6.136/ide/plugins/com.nxp.mcuxpresso.tools.win32_25.6.0.202501151204/tools/bin/../lib/gcc/arm-none-eabi/14.2.1/../../../../arm-none-eabi/lib/thumb/v8-m.main+fp/hard\libcr_c.a(printf.o)
 .text.setvbuf  0x0000e054       0x3e C:/nxp/MCUXpressoIDE_25.6.136/ide/plugins/com.nxp.mcuxpresso.tools.win32_25.6.0.202501151204/tools/bin/../lib/gcc/arm-none-eabi/14.2.1/../../../../arm-none-eabi/lib/thumb/v8-m.main+fp/hard\libcr_c.a(setvbuf.o)
                0x0000e054                setvbuf
 .text.strlen   0x0000e092       0x4e C:/nxp/MCUXpressoIDE_25.6.136/ide/plugins/com.nxp.mcuxpresso.tools.win32_25.6.0.202501151204/tools/bin/../lib/gcc/arm-none-eabi/14.2.1/../../../../arm-none-eabi/lib/thumb/v8-m.main+fp/hard\libcr_c.a(strlen.o)
                0x0000e092                strlen
 .text.strncmp  0x0000e0e0       0x54 C:/nxp/MCUXpressoIDE_25.6.136/ide/plugins/com.nxp.mcuxpresso.tools.win32_25.6.0.202501151204/tools/bin/../lib/gcc/arm-none-eabi/14.2.1/../../../../arm-none-eabi/lib/thumb/v8-m.main+fp/hard\libcr_c.a(strncmp.o)
                0x0000e0e0                strncmp
 .text.strncpy  0x0000e134       0x58 C:/nxp/MCUXpressoIDE_25.6.136/ide/plugins/com.nxp.mcuxpresso.tools.win32_25.6.0.202501151204/tools/bin/../lib/gcc/arm-none-eabi/14.2.1/../../../../arm-none-eabi/lib/thumb/v8-m.main+fp/hard\libcr_c.a(strncpy.o)
                0x0000e134                strncpy
 .text._deferredlazyseek
                0x0000e18c       0x40 C:/nxp/MCUXpressoIDE_25.6.136/ide/plugins/com.nxp.mcuxpresso.tools.win32_25.6.0.202501151204/tools/bin/../lib/gcc/arm-none-eabi/14.2.1/../../../../arm-none-eabi/lib/thumb/v8-m.main+fp/hard\libcr_c.a(_deferredlazyseek.o)
                0x0000e18c                _deferredlazyseek
 .text.__flsbuf
                0x0000e1cc      0x12a C:/nxp/MCUXpressoIDE_25.6.136/ide/plugins/com.nxp.mcuxpresso.tools.win32_25.6.0.202501151204/tools/bin/../lib/gcc/arm-none-eabi/14.2.1/../../../../arm-none-eabi/lib/thumb/v8-m.main+fp/hard\libcr_c.a(_deferredlazyseek.o)
                0x0000e1cc                __flsbuf
 .text._fdopen  0x0000e2f6       0x68 C:/nxp/MCUXpressoIDE_25.6.136/ide/plugins/com.nxp.mcuxpresso.tools.win32_25.6.0.202501151204/tools/bin/../lib/gcc/arm-none-eabi/14.2.1/../../../../arm-none-eabi/lib/thumb/v8-m.main+fp/hard\libcr_c.a(_fdopen.o)
                0x0000e2f6                _fdopen
 .text._fflush  0x0000e35e       0x52 C:/nxp/MCUXpressoIDE_25.6.136/ide/plugins/com.nxp.mcuxpresso.tools.win32_25.6.0.202501151204/tools/bin/../lib/gcc/arm-none-eabi/14.2.1/../../../../arm-none-eabi/lib/thumb/v8-m.main+fp/hard\libcr_c.a(_fflush.o)
                0x0000e35e                _fflush
 .text.fclose   0x0000e3b0       0x58 C:/nxp/MCUXpressoIDE_25.6.136/ide/plugins/com.nxp.mcuxpresso.tools.win32_25.6.0.202501151204/tools/bin/../lib/gcc/arm-none-eabi/14.2.1/../../../../arm-none-eabi/lib/thumb/v8-m.main+fp/hard\libcr_c.a(fclose.o)
                0x0000e3b0                fclose
 .text.remove   0x0000e408       0x14 C:/nxp/MCUXpressoIDE_25.6.136/ide/plugins/com.nxp.mcuxpresso.tools.win32_25.6.0.202501151204/tools/bin/../lib/gcc/arm-none-eabi/14.2.1/../../../../arm-none-eabi/lib/thumb/v8-m.main+fp/hard\libcr_c.a(remove.o)
                0x0000e408                remove
 .text._do_fflush
                0x0000e41c       0x40 C:/nxp/MCUXpressoIDE_25.6.136/ide/plugins/com.nxp.mcuxpresso.tools.win32_25.6.0.202501151204/tools/bin/../lib/gcc/arm-none-eabi/14.2.1/../../../../arm-none-eabi/lib/thumb/v8-m.main+fp/hard\libcr_c.a(_do_fflush.o)
                0x0000e41c                _do_fflush
 .text.__aeabi_division_uldivmod
                0x0000e45c      0x174 C:/nxp/MCUXpressoIDE_25.6.136/ide/plugins/com.nxp.mcuxpresso.tools.win32_25.6.0.202501151204/tools/bin/../lib/gcc/arm-none-eabi/14.2.1/thumb/v8-m.main+fp/hard\libcr_eabihelpers.a(division_64.o)
                0x0000e45c                __aeabi_uldivmod
                0x0000e460                __bhs_ldivmod1
 .text.__aeabi_division_idiv0
                0x0000e5d0        0x2 C:/nxp/MCUXpressoIDE_25.6.136/ide/plugins/com.nxp.mcuxpresso.tools.win32_25.6.0.202501151204/tools/bin/../lib/gcc/arm-none-eabi/14.2.1/thumb/v8-m.main+fp/hard\libcr_eabihelpers.a(division_idiv0.o)
                0x0000e5d0                __aeabi_idiv0
 .text.__aeabi_memset_lowlevel
                0x0000e5d2       0x32 C:/nxp/MCUXpressoIDE_25.6.136/ide/plugins/com.nxp.mcuxpresso.tools.win32_25.6.0.202501151204/tools/bin/../lib/gcc/arm-none-eabi/14.2.1/thumb/v8-m.main+fp/hard\libcr_eabihelpers.a(memcpy.o)
                0x0000e5d2                __aeabi_lowlevel_memset
 .text.__sys_appexit
                0x0000e604        0x2 C:/nxp/MCUXpressoIDE_25.6.136/ide/plugins/com.nxp.mcuxpresso.tools.win32_25.6.0.202501151204/tools/bin/../lib/gcc/arm-none-eabi/14.2.1/../../../../arm-none-eabi/lib/thumb/v8-m.main+fp/hard\libcr_nohost_nf.a(__sys_appexit.o)
                0x0000e604                __sys_appexit
                0x0000e604                __exit
 .text.__sys_close
                0x0000e606        0x6 C:/nxp/MCUXpressoIDE_25.6.136/ide/plugins/com.nxp.mcuxpresso.tools.win32_25.6.0.202501151204/tools/bin/../lib/gcc/arm-none-eabi/14.2.1/../../../../arm-none-eabi/lib/thumb/v8-m.main+fp/hard\libcr_nohost_nf.a(__sys_close.o)
                0x0000e606                __sys_close
 .text.__sys_flen
                0x0000e60c        0x6 C:/nxp/MCUXpressoIDE_25.6.136/ide/plugins/com.nxp.mcuxpresso.tools.win32_25.6.0.202501151204/tools/bin/../lib/gcc/arm-none-eabi/14.2.1/../../../../arm-none-eabi/lib/thumb/v8-m.main+fp/hard\libcr_nohost_nf.a(__sys_flen.o)
                0x0000e60c                __sys_flen
 .text.__sys_istty
                0x0000e612        0x6 C:/nxp/MCUXpressoIDE_25.6.136/ide/plugins/com.nxp.mcuxpresso.tools.win32_25.6.0.202501151204/tools/bin/../lib/gcc/arm-none-eabi/14.2.1/../../../../arm-none-eabi/lib/thumb/v8-m.main+fp/hard\libcr_nohost_nf.a(__sys_istty.o)
                0x0000e612                __sys_istty
 .text.__sys_remove
                0x0000e618        0x6 C:/nxp/MCUXpressoIDE_25.6.136/ide/plugins/com.nxp.mcuxpresso.tools.win32_25.6.0.202501151204/tools/bin/../lib/gcc/arm-none-eabi/14.2.1/../../../../arm-none-eabi/lib/thumb/v8-m.main+fp/hard\libcr_nohost_nf.a(__sys_remove.o)
                0x0000e618                __sys_remove
 .text.__sys_seek
                0x0000e61e        0x6 C:/nxp/MCUXpressoIDE_25.6.136/ide/plugins/com.nxp.mcuxpresso.tools.win32_25.6.0.202501151204/tools/bin/../lib/gcc/arm-none-eabi/14.2.1/../../../../arm-none-eabi/lib/thumb/v8-m.main+fp/hard\libcr_nohost_nf.a(__sys_seek.o)
                0x0000e61e                __sys_seek
 .text.__sys_tmpnam
                0x0000e624        0x6 C:/nxp/MCUXpressoIDE_25.6.136/ide/plugins/com.nxp.mcuxpresso.tools.win32_25.6.0.202501151204/tools/bin/../lib/gcc/arm-none-eabi/14.2.1/../../../../arm-none-eabi/lib/thumb/v8-m.main+fp/hard\libcr_nohost_nf.a(__sys_tmpnam.o)
                0x0000e624                __sys_tmpnam
 .text.__sys_write
                0x0000e62a        0x4 C:/nxp/MCUXpressoIDE_25.6.136/ide/plugins/com.nxp.mcuxpresso.tools.win32_25.6.0.202501151204/tools/bin/../lib/gcc/arm-none-eabi/14.2.1/../../../../arm-none-eabi/lib/thumb/v8-m.main+fp/hard\libcr_nohost_nf.a(__sys_write.o)
                0x0000e62a                __sys_write
 *freertos*/tasks.o(SORT_BY_ALIGNMENT(.rodata*))
 *fill*         0x0000e62e        0x2 ff
 .rodata.uxTopUsedPriority
                0x0000e630        0x4 ./freertos/freertos-kernel/tasks.o
 .rodata.prvCreateIdleTasks.str1.4
                0x0000e634        0x5 ./freertos/freertos-kernel/tasks.o
 .rodata.str1.4
                0x0000e634        0xb ./freertos/freertos-kernel/tasks.o
 .rodata        0x0000e634       0x1c ./freertos/freertos-kernel/tasks.o
                0x0000e634                portArch_Name
                0x0000e638                FreeRTOSDebugConfig
 *(SORT_BY_ALIGNMENT(.rodata) SORT_BY_ALIGNMENT(.rodata.*) SORT_BY_ALIGNMENT(.constdata) SORT_BY_ALIGNMENT(.constdata.*))
 .rodata.__assertion_failed.str1.4
                0x0000e650      0xb5d ./utilities/fsl_assert.o
                                 0x14 (size before relaxing)
 *fill*         0x0000f1ad        0x3 ff
 .rodata.s_UsbDeviceClassInterfaceMap
                0x0000f1b0       0x20 ./usb/device/class/usb_device_class.o
 .rodata.s_UsbDeviceStandardRequest
                0x0000f1d0       0x34 ./usb/device/usb_device_ch9.o
 .rodata.s_UsbDeviceLpc3511IpInterface
                0x0000f204       0x18 ./usb/device/usb_device_dci.o
 .rodata.str1.4
                0x0000f21c       0x38 ./source/FreeRTOS_CLI.o
 .rodata.xHelpCommand
                0x0000f21c       0x10 ./source/FreeRTOS_CLI.o
 .rodata.FreeRTOS_CLIProcessCommand.str1.4
                0x0000f22c       0xa8 ./source/FreeRTOS_CLI.o
 .rodata.str1.4
                0x0000f22c       0x98 ./source/cli_commands.o
 .rodata.xRGBCommand
                0x0000f22c       0x10 ./source/cli_commands.o
 .rodata.xUARTQueryCommand
                0x0000f23c       0x10 ./source/cli_commands.o
 .rodata.prvRGBCommand.str1.4
                0x0000f24c       0x99 ./source/cli_commands.o
 .rodata.prvUARTCommand.str1.4
                0x0000f24c       0xa8 ./source/cli_commands.o
 .rodata        0x0000f24c        0x3 ./source/hardware_init.o
 *fill*         0x0000f24f        0x1 ff
 .rodata        0x0000f250        0x2 ./source/pin_mux.o
 .rodata.USB_DeviceCdcVcomCallback.str1.4
                0x0000f252       0x2e ./source/virtual_com.o
 .rodata.USB_DeviceApplicationInit.str1.4
                0x0000f252       0x3e ./source/virtual_com.o
 .rodata.CLI_Task.str1.4
                0x0000f252       0x10 ./source/virtual_com.o
 .rodata.main.str1.4
                0x0000f252       0x4c ./source/virtual_com.o
 .rodata.xTimerCreateTimerTask.str1.4
                0x0000f252        0x8 ./freertos/freertos-kernel/timers.o
 .rodata.prvCheckForValidListAndQueue.str1.4
                0x0000f252        0x5 ./freertos/freertos-kernel/timers.o
 .rodata.CLOCK_GetFlexCommInputClock.str1.4
                0x0000f252       0x18 ./drivers/fsl_clock.o
 .rodata.SDK_DelayAtLeastUs.str1.4
                0x0000f252       0x2b ./drivers/fsl_common_arm.o
 *fill*         0x0000f252        0x2 ff
 .rodata.s_flexcommBaseAddrs
                0x0000f254       0x24 ./drivers/fsl_flexcomm.o
 .rodata.s_flexcommClocks
                0x0000f278       0x12 ./drivers/fsl_flexcomm.o
 *fill*         0x0000f28a        0x2 ff
 .rodata.s_flexcommResets
                0x0000f28c       0x24 ./drivers/fsl_flexcomm.o
 .rodata.FLEXCOMM_GetInstance.str1.4
                0x0000f2b0       0x41 ./drivers/fsl_flexcomm.o
 .rodata.FLEXCOMM0_DriverIRQHandler.str1.4
                0x0000f2b0       0x3c ./drivers/fsl_flexcomm.o
 .rodata.FLEXCOMM2_DriverIRQHandler.str1.4
                0x0000f2b0       0x3c ./drivers/fsl_flexcomm.o
 .rodata.FLEXCOMM3_DriverIRQHandler.str1.4
                0x0000f2b0       0x3c ./drivers/fsl_flexcomm.o
 .rodata.FLEXCOMM4_DriverIRQHandler.str1.4
                0x0000f2b0       0x3c ./drivers/fsl_flexcomm.o
 .rodata.FLEXCOMM5_DriverIRQHandler.str1.4
                0x0000f2b0       0x3c ./drivers/fsl_flexcomm.o
 .rodata.FLEXCOMM6_DriverIRQHandler.str1.4
                0x0000f2b0       0x3c ./drivers/fsl_flexcomm.o
 .rodata.FLEXCOMM7_DriverIRQHandler.str1.4
                0x0000f2b0       0x3c ./drivers/fsl_flexcomm.o
 .rodata.FLEXCOMM8_DriverIRQHandler.str1.4
                0x0000f2b0       0x3c ./drivers/fsl_flexcomm.o
 .rodata.s_gpioClockName
                0x0000f2b0        0x8 ./drivers/fsl_gpio.o
 .rodata.GPIO_EnablePortClock.str1.4
                0x0000f2b8       0x33 ./drivers/fsl_gpio.o
 .rodata.RESET_SetPeripheralReset.str1.4
                0x0000f2b8       0x1e ./drivers/fsl_reset.o
 .rodata.RESET_ClearPeripheralReset.str1.4
                0x0000f2b8       0x1e ./drivers/fsl_reset.o
 .rodata.USART_Init.str1.4
                0x0000f2b8       0x4f ./drivers/fsl_usart.o
 .rodata.USART_GetDefaultConfig.str1.4
                0x0000f2b8       0x21 ./drivers/fsl_usart.o
 .rodata.USART_SetBaudRate.str1.4
                0x0000f2b8       0x53 ./drivers/fsl_usart.o
 .rodata.USART_WriteBlocking.str1.4
                0x0000f2b8       0x36 ./drivers/fsl_usart.o
 .rodata.USART_ReadBlocking.str1.4
                0x0000f2b8       0x36 ./drivers/fsl_usart.o
 .rodata.s_UsartAdapterBase
                0x0000f2b8       0x20 ./component/uart/fsl_adapter_usart.o
 .rodata.HAL_UartInitCommon.str1.4
                0x0000f2d8       0xeb ./component/uart/fsl_adapter_usart.o
 .rodata.HAL_UartReceiveBlocking.str1.4
                0x0000f2d8       0x65 ./component/uart/fsl_adapter_usart.o
 .rodata.HAL_UartSendBlocking.str1.4
                0x0000f2d8       0x65 ./component/uart/fsl_adapter_usart.o
 .rodata.OSA_MutexCreate.str1.4
                0x0000f2d8       0x39 ./component/osa/fsl_os_abstraction_free_rtos.o
 .rodata.OSA_MutexDestroy.str1.4
                0x0000f2d8       0x39 ./component/osa/fsl_os_abstraction_free_rtos.o
 .rodata.OSA_MsgQCreate.str1.4
                0x0000f2d8       0x39 ./component/osa/fsl_os_abstraction_free_rtos.o
 .rodata.OSA_MsgQPut.str1.4
                0x0000f2d8       0x39 ./component/osa/fsl_os_abstraction_free_rtos.o
 .rodata.OSA_MsgQGet.str1.4
                0x0000f2d8       0xa3 ./component/osa/fsl_os_abstraction_free_rtos.o
 .rodata.OSA_MsgQDestroy.str1.4
                0x0000f2d8       0x39 ./component/osa/fsl_os_abstraction_free_rtos.o
 .rodata.__num_Ciob_streams
                0x0000f2d8        0x4 C:/nxp/MCUXpressoIDE_25.6.136/ide/plugins/com.nxp.mcuxpresso.tools.win32_25.6.0.202501151204/tools/bin/../lib/gcc/arm-none-eabi/14.2.1/../../../../arm-none-eabi/lib/thumb/v8-m.main+fp/hard\libcr_nohost_nf.a(__ciob.o)
                0x0000f2d8                __num_Ciob_streams
 .rodata._Csys_alloc.str1.1
                0x0000f2dc       0x53 C:/nxp/MCUXpressoIDE_25.6.136/ide/plugins/com.nxp.mcuxpresso.tools.win32_25.6.0.202501151204/tools/bin/../lib/gcc/arm-none-eabi/14.2.1/../../../../arm-none-eabi/lib/thumb/v8-m.main+fp/hard\libcr_c.a(alloc.o)
                                 0x18 (size before relaxing)
 .rodata._initio.str1.1
                0x0000f32f        0x4 C:/nxp/MCUXpressoIDE_25.6.136/ide/plugins/com.nxp.mcuxpresso.tools.win32_25.6.0.202501151204/tools/bin/../lib/gcc/arm-none-eabi/14.2.1/../../../../arm-none-eabi/lib/thumb/v8-m.main+fp/hard\libcr_c.a(initio.o)
 .rodata.__vfprintf.str1.1
                0x0000f32f       0x38 C:/nxp/MCUXpressoIDE_25.6.136/ide/plugins/com.nxp.mcuxpresso.tools.win32_25.6.0.202501151204/tools/bin/../lib/gcc/arm-none-eabi/14.2.1/../../../../arm-none-eabi/lib/thumb/v8-m.main+fp/hard\libcr_c.a(printf.o)
                0x0000f3c4                        . = ALIGN (0x4)
 *fill*         0x0000f32f        0x1 ff

.glue_7         0x0000f330        0x0
 .glue_7        0x0000f330        0x0 linker stubs

.glue_7t        0x0000f330        0x0
 .glue_7t       0x0000f330        0x0 linker stubs

.vfp11_veneer   0x0000f330        0x0
 .vfp11_veneer  0x0000f330        0x0 linker stubs

.v4_bx          0x0000f330        0x0
 .v4_bx         0x0000f330        0x0 linker stubs

.iplt           0x0000f330        0x0
 .iplt          0x0000f330        0x0 ./utilities/debug_console_lite/fsl_debug_console.o

.rel.dyn        0x0000f330        0x0
 .rel.iplt      0x0000f330        0x0 ./utilities/debug_console_lite/fsl_debug_console.o

.ARM.extab
 *(SORT_BY_ALIGNMENT(.ARM.extab*) SORT_BY_ALIGNMENT(.gnu.linkonce.armextab.*))

.ARM.exidx      0x0000f330        0x0
                0x0000f330                        __exidx_start = .
 *(SORT_BY_ALIGNMENT(.ARM.exidx*) SORT_BY_ALIGNMENT(.gnu.linkonce.armexidx.*))
                0x0000f330                        __exidx_end = .
                0x0000f330                        _etext = .

.m_usb_data     0x40100000     0x3544
 *(SORT_BY_ALIGNMENT(m_usb_global))
 m_usb_global   0x40100000     0x3460 ./usb/device/usb_device_lpcip3511.o
 m_usb_global   0x40103460       0x50 ./usb/device/class/usb_device_cdc_acm.o
 m_usb_global   0x401034b0       0x18 ./usb/device/class/usb_device_class.o
 m_usb_global   0x401034c8       0x7c ./usb/device/usb_device_dci.o

.data_RAM2      0x04000000        0x0 load address 0x0000f330
 FILL mask 0xff
                [!provide]                        PROVIDE (__start_data_RAM2 = .)
                [!provide]                        PROVIDE (__start_data_SRAMX = .)
 *(SORT_BY_ALIGNMENT(.ramfunc.$RAM2))
 *(SORT_BY_ALIGNMENT(.ramfunc.$SRAMX))
 *(SORT_BY_ALIGNMENT(.data.$RAM2))
 *(SORT_BY_ALIGNMENT(.data.$SRAMX))
 *(SORT_BY_ALIGNMENT(.data.$RAM2.*))
 *(SORT_BY_ALIGNMENT(.data.$SRAMX.*))
                0x04000000                        . = ALIGN (0x4)
                [!provide]                        PROVIDE (__end_data_RAM2 = .)
                [!provide]                        PROVIDE (__end_data_SRAMX = .)

.data_RAM3      0x40103544        0x0 load address 0x0000f330
 FILL mask 0xff
                [!provide]                        PROVIDE (__start_data_RAM3 = .)
                [!provide]                        PROVIDE (__start_data_USB_RAM = .)
 *(SORT_BY_ALIGNMENT(.ramfunc.$RAM3))
 *(SORT_BY_ALIGNMENT(.ramfunc.$USB_RAM))
 *(SORT_BY_ALIGNMENT(.data.$RAM3))
 *(SORT_BY_ALIGNMENT(.data.$USB_RAM))
 *(SORT_BY_ALIGNMENT(.data.$RAM3.*))
 *(SORT_BY_ALIGNMENT(.data.$USB_RAM.*))
                0x40103544                        . = ALIGN (0x4)
                [!provide]                        PROVIDE (__end_data_RAM3 = .)
                [!provide]                        PROVIDE (__end_data_USB_RAM = .)

.data_RAM4      0x20040000        0x0 load address 0x0000f330
 FILL mask 0xff
                [!provide]                        PROVIDE (__start_data_RAM4 = .)
                [!provide]                        PROVIDE (__start_data_SRAM4 = .)
 *(SORT_BY_ALIGNMENT(.ramfunc.$RAM4))
 *(SORT_BY_ALIGNMENT(.ramfunc.$SRAM4))
 *(SORT_BY_ALIGNMENT(.data.$RAM4))
 *(SORT_BY_ALIGNMENT(.data.$SRAM4))
 *(SORT_BY_ALIGNMENT(.data.$RAM4.*))
 *(SORT_BY_ALIGNMENT(.data.$SRAM4.*))
                0x20040000                        . = ALIGN (0x4)
                [!provide]                        PROVIDE (__end_data_RAM4 = .)
                [!provide]                        PROVIDE (__end_data_SRAM4 = .)

.uninit_RESERVED
                0x20000000        0x0
                0x20000000                        _start_uninit_RESERVED = .
 *(SORT_BY_ALIGNMENT(.bss.$RESERVED*))
                0x20000000                        . = ALIGN (0x4)
                0x20000000                        _end_uninit_RESERVED = .

.data           0x20000000      0x154 load address 0x0000f330
 FILL mask 0xff
                0x20000000                        _data = .
                [!provide]                        PROVIDE (__start_data_RAM = .)
                [!provide]                        PROVIDE (__start_data_SRAM = .)
 *(SORT_BY_ALIGNMENT(vtable))
 *(SORT_BY_ALIGNMENT(.ramfunc*))
 *(SORT_BY_ALIGNMENT(CodeQuickAccess))
 *(SORT_BY_ALIGNMENT(DataQuickAccess))
 *(SORT_BY_ALIGNMENT(RamFunction))
 *(SORT_BY_ALIGNMENT(.data*))
 .data.xRegisteredCommands
                0x20000000        0x8 ./source/FreeRTOS_CLI.o
 .data.pxLastCommandInList.1
                0x20000008        0x4 ./source/FreeRTOS_CLI.o
 .data.g_UsbDeviceCdcVcomCicEndpoints
                0x2000000c        0x6 ./source/usb_device_descriptor.o
                0x2000000c                g_UsbDeviceCdcVcomCicEndpoints
 *fill*         0x20000012        0x2 ff
 .data.g_UsbDeviceCdcVcomDicEndpoints
                0x20000014        0xc ./source/usb_device_descriptor.o
                0x20000014                g_UsbDeviceCdcVcomDicEndpoints
 .data.g_UsbDeviceCdcVcomCommunicationInterface
                0x20000020       0x10 ./source/usb_device_descriptor.o
                0x20000020                g_UsbDeviceCdcVcomCommunicationInterface
 .data.g_UsbDeviceCdcVcomDataInterface
                0x20000030       0x10 ./source/usb_device_descriptor.o
                0x20000030                g_UsbDeviceCdcVcomDataInterface
 .data.g_UsbDeviceCdcVcomInterfaces
                0x20000040       0x18 ./source/usb_device_descriptor.o
                0x20000040                g_UsbDeviceCdcVcomInterfaces
 .data.g_UsbDeviceCdcVcomInterfaceList
                0x20000058        0x8 ./source/usb_device_descriptor.o
                0x20000058                g_UsbDeviceCdcVcomInterfaceList
 .data.g_UsbDeviceCdcVcomConfig
                0x20000060        0x8 ./source/usb_device_descriptor.o
                0x20000060                g_UsbDeviceCdcVcomConfig
 .data.g_UsbDeviceDescriptor
                0x20000068       0x12 ./source/usb_device_descriptor.o
                0x20000068                g_UsbDeviceDescriptor
 *fill*         0x2000007a        0x2 ff
 .data.g_UsbDeviceConfigurationDescriptor
                0x2000007c       0x43 ./source/usb_device_descriptor.o
                0x2000007c                g_UsbDeviceConfigurationDescriptor
 *fill*         0x200000bf        0x1 ff
 .data.g_UsbDeviceString0
                0x200000c0        0x4 ./source/usb_device_descriptor.o
                0x200000c0                g_UsbDeviceString0
 .data.g_UsbDeviceString1
                0x200000c4       0x16 ./source/usb_device_descriptor.o
                0x200000c4                g_UsbDeviceString1
 *fill*         0x200000da        0x2 ff
 .data.g_UsbDeviceString2
                0x200000dc       0x16 ./source/usb_device_descriptor.o
                0x200000dc                g_UsbDeviceString2
 *fill*         0x200000f2        0x2 ff
 .data.g_UsbDeviceStringDescriptorArray
                0x200000f4        0xc ./source/usb_device_descriptor.o
                0x200000f4                g_UsbDeviceStringDescriptorArray
 .data.g_UsbDeviceStringDescriptorLength
                0x20000100        0xc ./source/usb_device_descriptor.o
                0x20000100                g_UsbDeviceStringDescriptorLength
 .data.g_UsbDeviceLanguage
                0x2000010c        0xc ./source/usb_device_descriptor.o
                0x2000010c                g_UsbDeviceLanguage
 .data.g_UsbDeviceLanguageList
                0x20000118       0x10 ./source/usb_device_descriptor.o
                0x20000118                g_UsbDeviceLanguageList
 .data.s_lineCoding
                0x20000128        0x7 ./source/virtual_com.o
 *fill*         0x2000012f        0x1 ff
 .data.s_cdcAcmConfig
                0x20000130        0xc ./source/virtual_com.o
 .data.s_cdcAcmConfigList
                0x2000013c        0xc ./source/virtual_com.o
 .data.ulCriticalNesting
                0x20000148        0x4 ./freertos/freertos-kernel/portable/GCC/ARM_CM33_NTZ/non_secure/port.o
 .data.s_Ext_Clk_Freq
                0x2000014c        0x4 ./drivers/fsl_clock.o
 .data.SystemCoreClock
                0x20000150        0x4 ./device/system_LPC55S69_cm33_core0.o
                0x20000150                SystemCoreClock
                0x20000154                        . = ALIGN (0x4)
                0x20000154                        _edata = .
                [!provide]                        PROVIDE (__end_data_RAM = .)
                [!provide]                        PROVIDE (__end_data_SRAM = .)

.igot.plt       0x20000154        0x0 load address 0x0000f484
 .igot.plt      0x20000154        0x0 ./utilities/debug_console_lite/fsl_debug_console.o

.bss_RAM2       0x04000000        0x0
                [!provide]                        PROVIDE (__start_bss_RAM2 = .)
                [!provide]                        PROVIDE (__start_bss_SRAMX = .)
 *(SORT_BY_ALIGNMENT(.bss.$RAM2))