../usb/device/usb_device_lpcip3511.c:247:23:USB_DeviceLpcIp3511MaxPacketNeedCopy	16	static
../usb/device/usb_device_lpcip3511.c:269:17:USB_DeviceLpcIp3511MallocMaxPacketBuffer	32	static
../usb/device/usb_device_lpcip3511.c:316:13:USB_DeviceLpcIp3511ReleaseMaxPacketBuffer	32	static
../usb/device/usb_device_lpcip3511.c:342:54:USB_DeviceLpc3511IpGetEndpointStateStruct	16	static
../usb/device/usb_device_lpcip3511.c:367:21:USB_DeviceLpc3511IpEndpointPrime	32	static
../usb/device/usb_device_lpcip3511.c:450:13:USB_DeviceLpc3511IpSetDefaultState	24	static
../usb/device/usb_device_lpcip3511.c:514:21:USB_DeviceLpc3511IpEndpointInit	40	static
../usb/device/usb_device_lpcip3511.c:642:21:USB_DeviceLpc3511IpEndpointDeinit	24	static
../usb/device/usb_device_lpcip3511.c:718:21:USB_DeviceLpc3511IpEndpointStall	32	static
../usb/device/usb_device_lpcip3511.c:818:21:USB_DeviceLpc3511IpEndpointUnstall	24	static
../usb/device/usb_device_lpcip3511.c:991:13:USB_DeviceLpc3511IpDoPreviousTransactionMemcpy	32	static
../usb/device/usb_device_lpcip3511.c:1050:17:USB_DeviceLpc3511IpTokenUpdate	32	static
../usb/device/usb_device_lpcip3511.c:1121:13:USB_DeviceLpc3511IpInterruptToken	72	static
../usb/device/usb_device_lpcip3511.c:1450:13:USB_DeviceLpc3511IpInterruptReset	32	static
../usb/device/usb_device_lpcip3511.c:1601:14:USB_DeviceLpc3511IpInit	40	static
../usb/device/usb_device_lpcip3511.c:1748:14:USB_DeviceLpc3511IpDeinit	32	static
../usb/device/usb_device_lpcip3511.c:1798:21:USB_DeviceLpc3511IpGetActualBufferAndPrime	56	static
../usb/device/usb_device_lpcip3511.c:1984:21:USB_DeviceLpc3511IpTransaction	32	static
../usb/device/usb_device_lpcip3511.c:2101:14:USB_DeviceLpc3511IpSend	40	static
../usb/device/usb_device_lpcip3511.c:2135:14:USB_DeviceLpc3511IpRecv	24	static
../usb/device/usb_device_lpcip3511.c:2143:14:USB_DeviceLpc3511IpCancel	56	static
../usb/device/usb_device_lpcip3511.c:2303:21:USB_DeviceLpc3511IpControlPreSetDeviceAddress	32	static
../usb/device/usb_device_lpcip3511.c:2322:14:USB_DeviceLpc3511IpControl	56	static
../usb/device/usb_device_lpcip3511.c:2672:6:USB_DeviceLpcIp3511IsrFunction	40	static
